Archive member included to satisfy reference by file (symbol)

/usr/lib/gcc/arm-none-eabi/10.3.1/../../../arm-none-eabi/lib/thumb/v7-m/nofp/libg.a(lib_a-atexit.o)
                              /usr/lib/gcc/arm-none-eabi/10.3.1/../../../arm-none-eabi/lib/thumb/v7-m/nofp/crt0.o (atexit)
/usr/lib/gcc/arm-none-eabi/10.3.1/../../../arm-none-eabi/lib/thumb/v7-m/nofp/libg.a(lib_a-exit.o)
                              /usr/lib/gcc/arm-none-eabi/10.3.1/../../../arm-none-eabi/lib/thumb/v7-m/nofp/crt0.o (exit)
/usr/lib/gcc/arm-none-eabi/10.3.1/../../../arm-none-eabi/lib/thumb/v7-m/nofp/libg.a(lib_a-fini.o)
                              /usr/lib/gcc/arm-none-eabi/10.3.1/../../../arm-none-eabi/lib/thumb/v7-m/nofp/crt0.o (__libc_fini_array)
/usr/lib/gcc/arm-none-eabi/10.3.1/../../../arm-none-eabi/lib/thumb/v7-m/nofp/libg.a(lib_a-impure.o)
                              /usr/lib/gcc/arm-none-eabi/10.3.1/../../../arm-none-eabi/lib/thumb/v7-m/nofp/libg.a(lib_a-exit.o) (_global_impure_ptr)
/usr/lib/gcc/arm-none-eabi/10.3.1/../../../arm-none-eabi/lib/thumb/v7-m/nofp/libg.a(lib_a-init.o)
                              /usr/lib/gcc/arm-none-eabi/10.3.1/../../../arm-none-eabi/lib/thumb/v7-m/nofp/crt0.o (__libc_init_array)
/usr/lib/gcc/arm-none-eabi/10.3.1/../../../arm-none-eabi/lib/thumb/v7-m/nofp/libg.a(lib_a-iprintf.o)
                              obj/naeusb/sam3u_hal/syscalls.o (iprintf)
/usr/lib/gcc/arm-none-eabi/10.3.1/../../../arm-none-eabi/lib/thumb/v7-m/nofp/libg.a(lib_a-memcpy.o)
                              obj/naeusb/sam3u_hal/flash_efc.o (memcpy)
/usr/lib/gcc/arm-none-eabi/10.3.1/../../../arm-none-eabi/lib/thumb/v7-m/nofp/libg.a(lib_a-memset.o)
                              /usr/lib/gcc/arm-none-eabi/10.3.1/../../../arm-none-eabi/lib/thumb/v7-m/nofp/crt0.o (memset)
/usr/lib/gcc/arm-none-eabi/10.3.1/../../../arm-none-eabi/lib/thumb/v7-m/nofp/libg.a(lib_a-setbuf.o)
                              obj/main_emfi_target.o (setbuf)
/usr/lib/gcc/arm-none-eabi/10.3.1/../../../arm-none-eabi/lib/thumb/v7-m/nofp/libg.a(lib_a-setvbuf.o)
                              /usr/lib/gcc/arm-none-eabi/10.3.1/../../../arm-none-eabi/lib/thumb/v7-m/nofp/libg.a(lib_a-setbuf.o) (setvbuf)
/usr/lib/gcc/arm-none-eabi/10.3.1/../../../arm-none-eabi/lib/thumb/v7-m/nofp/libg.a(lib_a-sprintf.o)
                              obj/main_emfi_target.o (sprintf)
/usr/lib/gcc/arm-none-eabi/10.3.1/../../../arm-none-eabi/lib/thumb/v7-m/nofp/libg.a(lib_a-strlen-stub.o)
                              obj/naeusb/naeusb_default.o (strlen)
/usr/lib/gcc/arm-none-eabi/10.3.1/../../../arm-none-eabi/lib/thumb/v7-m/nofp/libg.a(lib_a-strncpy.o)
                              obj/naeusb/naeusb_default.o (strncpy)
/usr/lib/gcc/arm-none-eabi/10.3.1/../../../arm-none-eabi/lib/thumb/v7-m/nofp/libg.a(lib_a-svfprintf.o)
                              /usr/lib/gcc/arm-none-eabi/10.3.1/../../../arm-none-eabi/lib/thumb/v7-m/nofp/libg.a(lib_a-sprintf.o) (_svfprintf_r)
/usr/lib/gcc/arm-none-eabi/10.3.1/../../../arm-none-eabi/lib/thumb/v7-m/nofp/libg.a(lib_a-vfiprintf.o)
                              /usr/lib/gcc/arm-none-eabi/10.3.1/../../../arm-none-eabi/lib/thumb/v7-m/nofp/libg.a(lib_a-iprintf.o) (_vfiprintf_r)
/usr/lib/gcc/arm-none-eabi/10.3.1/../../../arm-none-eabi/lib/thumb/v7-m/nofp/libg.a(lib_a-wsetup.o)
                              /usr/lib/gcc/arm-none-eabi/10.3.1/../../../arm-none-eabi/lib/thumb/v7-m/nofp/libg.a(lib_a-vfiprintf.o) (__swsetup_r)
/usr/lib/gcc/arm-none-eabi/10.3.1/../../../arm-none-eabi/lib/thumb/v7-m/nofp/libg.a(lib_a-__atexit.o)
                              /usr/lib/gcc/arm-none-eabi/10.3.1/../../../arm-none-eabi/lib/thumb/v7-m/nofp/libg.a(lib_a-atexit.o) (__register_exitproc)
/usr/lib/gcc/arm-none-eabi/10.3.1/../../../arm-none-eabi/lib/thumb/v7-m/nofp/libg.a(lib_a-__call_atexit.o)
                              /usr/lib/gcc/arm-none-eabi/10.3.1/../../../arm-none-eabi/lib/thumb/v7-m/nofp/libg.a(lib_a-exit.o) (__call_exitprocs)
/usr/lib/gcc/arm-none-eabi/10.3.1/../../../arm-none-eabi/lib/thumb/v7-m/nofp/libg.a(lib_a-dtoa.o)
                              /usr/lib/gcc/arm-none-eabi/10.3.1/../../../arm-none-eabi/lib/thumb/v7-m/nofp/libg.a(lib_a-svfprintf.o) (_dtoa_r)
/usr/lib/gcc/arm-none-eabi/10.3.1/../../../arm-none-eabi/lib/thumb/v7-m/nofp/libg.a(lib_a-fflush.o)
                              /usr/lib/gcc/arm-none-eabi/10.3.1/../../../arm-none-eabi/lib/thumb/v7-m/nofp/libg.a(lib_a-setvbuf.o) (_fflush_r)
/usr/lib/gcc/arm-none-eabi/10.3.1/../../../arm-none-eabi/lib/thumb/v7-m/nofp/libg.a(lib_a-findfp.o)
                              /usr/lib/gcc/arm-none-eabi/10.3.1/../../../arm-none-eabi/lib/thumb/v7-m/nofp/libg.a(lib_a-setvbuf.o) (__sinit)
/usr/lib/gcc/arm-none-eabi/10.3.1/../../../arm-none-eabi/lib/thumb/v7-m/nofp/libg.a(lib_a-fputwc.o)
                              /usr/lib/gcc/arm-none-eabi/10.3.1/../../../arm-none-eabi/lib/thumb/v7-m/nofp/libg.a(lib_a-vfiprintf.o) (_fputwc_r)
[...]
Memory Configuration

Name             Origin             Length             Attributes
flash0           0x0000000000080000 0x0000000000020000 w !xr
flash1           0x0000000000100000 0x0000000000020000 w !xr
sram0            0x0000000020000000 0x0000000000008000 w !xr
sram1            0x0000000020080000 0x0000000000004000 w !xr
rom              0x00000000000e0000 0x0000000000040000 xr
ram              0x0000000020078000 0x000000000000c000 xrw
*default*        0x0000000000000000 0xffffffffffffffff

Linker script and memory map

LOAD /usr/lib/gcc/arm-none-eabi/10.3.1/thumb/v7-m/nofp/crti.o
LOAD /usr/lib/gcc/arm-none-eabi/10.3.1/thumb/v7-m/nofp/crtbegin.o
LOAD /usr/lib/gcc/arm-none-eabi/10.3.1/../../../arm-none-eabi/lib/thumb/v7-m/nofp/crt0.o
LOAD obj/main_emfi_target.o
LOAD obj/naeusb_ballistic.o
LOAD obj/naeusb/naeusb.o
LOAD obj/naeusb/naeusb_default.o
LOAD obj/naeusb/udc.o
LOAD obj/naeusb/usb_xmem.o
LOAD obj/ui.o
LOAD obj/init.o
LOAD obj/naeusb/sam3u_hal/chipid.o
LOAD obj/naeusb/sam3u_hal/cycle_counter.o
LOAD obj/naeusb/sam3u_hal/efc.o
LOAD obj/naeusb/sam3u_hal/exceptions.o
LOAD obj/naeusb/sam3u_hal/flash_efc.o
LOAD obj/naeusb/sam3u_hal/interrupt_sam_nvic.o
LOAD obj/naeusb/sam3u_hal/led.o
LOAD obj/naeusb/sam3u_hal/pio_handler.o
LOAD obj/naeusb/sam3u_hal/pio.o
LOAD obj/naeusb/sam3u_hal/pmc.o
LOAD obj/naeusb/sam3u_hal/read.o
LOAD obj/naeusb/sam3u_hal/sleep.o
LOAD obj/naeusb/sam3u_hal/sleepmgr.o
LOAD obj/naeusb/sam3u_hal/smc.o
LOAD obj/naeusb/sam3u_hal/spi.o
LOAD obj/naeusb/sam3u_hal/startup_sam3u.o
LOAD obj/naeusb/sam3u_hal/syscalls.o
LOAD obj/naeusb/sam3u_hal/sysclk.o
LOAD obj/naeusb/sam3u_hal/system_sam3u.o
LOAD obj/naeusb/sam3u_hal/tc.o
LOAD obj/naeusb/sam3u_hal/twi.o
LOAD obj/naeusb/sam3u_hal/uart.o
LOAD obj/naeusb/sam3u_hal/udi_vendor.o
LOAD obj/naeusb/sam3u_hal/udphs_device.o
LOAD obj/naeusb/sam3u_hal/usart_serial.o
LOAD obj/naeusb/sam3u_hal/usart.o
LOAD obj/naeusb/sam3u_hal/write.o
LOAD obj/naeusb/sam3u_hal/usb_no_cdc/udi_vendor_desc.o
START GROUP
LOAD /usr/lib/gcc/arm-none-eabi/10.3.1/../../../arm-none-eabi/lib/thumb/v7-m/nofp/libm.a
END GROUP
START GROUP
LOAD /usr/lib/gcc/arm-none-eabi/10.3.1/thumb/v7-m/nofp/libgcc.a
LOAD /usr/lib/gcc/arm-none-eabi/10.3.1/../../../arm-none-eabi/lib/thumb/v7-m/nofp/libg.a
LOAD /usr/lib/gcc/arm-none-eabi/10.3.1/../../../arm-none-eabi/lib/thumb/v7-m/nofp/libc.a
END GROUP
LOAD /usr/lib/gcc/arm-none-eabi/10.3.1/thumb/v7-m/nofp/crtend.o
LOAD /usr/lib/gcc/arm-none-eabi/10.3.1/thumb/v7-m/nofp/crtn.o
                0x0000000000003000                __stack_size__ = DEFINED (__stack_size__)?__stack_size__:0x3000
                0x0000000020083ffc                __ram_end__ = ((ORIGIN (ram) + LENGTH (ram)) - 0x4)

.text           0x0000000000080000     0xb3a0
                0x0000000000080000                . = ALIGN (0x4)
                0x0000000000080000                _sfixed = .
 *(.vectors .vectors.*)
 .vectors       0x0000000000080000       0xbc obj/naeusb/sam3u_hal/startup_sam3u.o
                0x0000000000080000                exception_table
 *(.text .text.* .gnu.linkonce.t.*)
 .text          0x00000000000800bc       0x88 /usr/lib/gcc/arm-none-eabi/10.3.1/thumb/v7-m/nofp/crtbegin.o
 .text.usart_serial_getchar
                0x0000000000080144       0x9c obj/main_emfi_target.o
 .text.usart_serial_putchar
                0x00000000000801e0       0x94 obj/main_emfi_target.o
 .text.startup.main
                0x0000000000080274      0x268 obj/main_emfi_target.o
                0x0000000000080274                main
 .text.ctrl_readmem_ctrl
                0x00000000000804dc       0x38 obj/naeusb_ballistic.o
                0x00000000000804dc                ctrl_readmem_ctrl
 .text.ctrl_writemem_ctrl
                0x0000000000080514       0x50 obj/naeusb_ballistic.o
                0x0000000000080514                ctrl_writemem_ctrl
 .text.ctrl_writemem_bulk
                0x0000000000080564       0x2c obj/naeusb_ballistic.o
                0x0000000000080564                ctrl_writemem_bulk
 .text.ctrl_readmem_bulk
                0x0000000000080590       0x38 obj/naeusb_ballistic.o
                0x0000000000080590                ctrl_readmem_bulk
 .text.ctrl_readmem_rng_bulk
                0x00000000000805c8       0x38 obj/naeusb_ballistic.o
                0x00000000000805c8                ctrl_readmem_rng_bulk
 .text.main_vendor_bulk_out_received
                0x0000000000080600       0x60 obj/naeusb_ballistic.o
                0x0000000000080600                main_vendor_bulk_out_received
 .text.ballistic_setup_in_received
                0x0000000000080660       0x4c obj/naeusb_ballistic.o
                0x0000000000080660                ballistic_setup_in_received
 .text.main_vendor_bulk_in_received
                0x00000000000806ac       0x24 obj/naeusb_ballistic.o
                0x00000000000806ac                main_vendor_bulk_in_received
 .text.ctrl_testmem
                0x00000000000806d0      0x108 obj/naeusb_ballistic.o
                0x00000000000806d0                ctrl_testmem
 .text.ctrl_writemem_rng
                0x00000000000807d8       0xa0 obj/naeusb_ballistic.o
                0x00000000000807d8                ctrl_writemem_rng
 .text.ballistic_setup_out_received
                0x0000000000080878       0x78 obj/naeusb_ballistic.o
                0x0000000000080878                ballistic_setup_out_received
 .text.ballistic_register_handlers
                0x00000000000808f0       0x24 obj/naeusb_ballistic.o
                0x00000000000808f0                ballistic_register_handlers
 .text.naeusb_add_in_handler
                0x0000000000080914       0x28 obj/naeusb/naeusb.o
                0x0000000000080914                naeusb_add_in_handler
 .text.naeusb_add_out_handler
                0x000000000008093c       0x28 obj/naeusb/naeusb.o
                0x000000000008093c                naeusb_add_out_handler
 .text.main_suspend_action
                0x0000000000080964        0x8 obj/naeusb/naeusb.o
                0x0000000000080964                main_suspend_action
 .text.main_resume_action
                0x000000000008096c        0x8 obj/naeusb/naeusb.o
                0x000000000008096c                main_resume_action
 .text.main_sof_action
                0x0000000000080974       0x24 obj/naeusb/naeusb.o
                0x0000000000080974                main_sof_action
 .text.main_vendor_enable
                0x0000000000080998       0x28 obj/naeusb/naeusb.o
                0x0000000000080998                main_vendor_enable
 .text.main_vendor_disable
                0x00000000000809c0        0xc obj/naeusb/naeusb.o
                0x00000000000809c0                main_vendor_disable
 .text.main_setup_out_received
                0x00000000000809cc       0x50 obj/naeusb/naeusb.o
                0x00000000000809cc                main_setup_out_received
 .text.main_setup_in_received
                0x0000000000080a1c       0x38 obj/naeusb/naeusb.o
                0x0000000000080a1c                main_setup_in_received
 .text.naeusb_setup_out_received
                0x0000000000080a54       0x1c obj/naeusb/naeusb_default.o
                0x0000000000080a54                naeusb_setup_out_received
 .text.naeusb_sam_cfg_out
                0x0000000000080a70       0xb4 obj/naeusb/naeusb_default.o
                0x0000000000080a70                naeusb_sam_cfg_out
 .text.naeusb_setup_in_received
                0x0000000000080b24       0x70 obj/naeusb/naeusb_default.o
                0x0000000000080b24                naeusb_setup_in_received
 .text.naeusb_register_handlers
                0x0000000000080b94       0x24 obj/naeusb/naeusb_default.o
                0x0000000000080b94                naeusb_register_handlers
 .text.udc_valid_address
                0x0000000000080bb8       0x14 obj/naeusb/udc.o
 .text.udc_update_iface_desc.part.0
                0x0000000000080bcc       0x60 obj/naeusb/udc.o
 .text.udc_iface_disable
                0x0000000000080c2c       0x8c obj/naeusb/udc.o
 .text.udc_iface_enable
                0x0000000000080cb8       0x78 obj/naeusb/udc.o
 .text.udc_get_interface_desc
                0x0000000000080d30        0xc obj/naeusb/udc.o
                0x0000000000080d30                udc_get_interface_desc
 .text.udc_start
                0x0000000000080d3c        0x8 obj/naeusb/udc.o
                0x0000000000080d3c                udc_start
 .text.udc_reset
                0x0000000000080d44       0x44 obj/naeusb/udc.o
                0x0000000000080d44                udc_reset
 .text.udc_sof_notify
                0x0000000000080d88       0x3c obj/naeusb/udc.o
                0x0000000000080d88                udc_sof_notify
 .text.udc_process_setup
                0x0000000000080dc4      0x61c obj/naeusb/udc.o
                0x0000000000080dc4                udc_process_setup
 .text.FPGA_setlock
                0x00000000000813e0       0x30 obj/naeusb/usb_xmem.o
                0x00000000000813e0                FPGA_setlock
 .text.FPGA_releaselock
                0x0000000000081410        0xc obj/naeusb/usb_xmem.o
                0x0000000000081410                FPGA_releaselock
 .text.FPGA_lockstatus
                0x000000000008141c        0xc obj/naeusb/usb_xmem.o
                0x000000000008141c                FPGA_lockstatus
 .text.ui_init  0x0000000000081428       0x1c obj/ui.o
                0x0000000000081428                ui_init
 .text.ui_powerdown
                0x0000000000081444       0x24 obj/ui.o
                0x0000000000081444                ui_powerdown
 .text.ui_wakeup
                0x0000000000081468       0x1c obj/ui.o
                0x0000000000081468                ui_wakeup
 .text.ui_process
                0x0000000000081484       0x48 obj/ui.o
                0x0000000000081484                ui_process
 .text.iopins_normal
                0x00000000000814cc       0x4c obj/init.o
                0x00000000000814cc                iopins_normal
 .text.board_init
                0x0000000000081518       0x2c obj/init.o
                0x0000000000081518                board_init
 .text.efc_perform_command
                0x0000000000081544       0x4c obj/naeusb/sam3u_hal/efc.o
                0x0000000000081544                efc_perform_command
 .text.Dummy_Handler
                0x0000000000081590        0x4 obj/naeusb/sam3u_hal/exceptions.o
                0x0000000000081590                DebugMon_Handler
                0x0000000000081590                DMAC_Handler
                0x0000000000081590                HardFault_Handler
                0x0000000000081590                TC2_Handler
                0x0000000000081590                SPI_Handler
                0x0000000000081590                SysTick_Handler
                0x0000000000081590                USART3_Handler
                0x0000000000081590                TWI1_Handler
                0x0000000000081590                PendSV_Handler
                0x0000000000081590                NMI_Handler
                0x0000000000081590                ADC_Handler
                0x0000000000081590                SMC_Handler
                0x0000000000081590                USART0_Handler
                0x0000000000081590                RTT_Handler
                0x0000000000081590                EFC1_Handler
                0x0000000000081590                ADC12B_Handler
                0x0000000000081590                RTC_Handler
                0x0000000000081590                UsageFault_Handler
                0x0000000000081590                WDT_Handler
                0x0000000000081590                TC1_Handler
                0x0000000000081590                HSMCI_Handler
                0x0000000000081590                Dummy_Handler
                0x0000000000081590                TWI0_Handler
                0x0000000000081590                USART1_Handler
                0x0000000000081590                SSC_Handler
                0x0000000000081590                EFC0_Handler
                0x0000000000081590                PMC_Handler
                0x0000000000081590                PWM_Handler
                0x0000000000081590                MemManage_Handler
                0x0000000000081590                SUPC_Handler
                0x0000000000081590                SVC_Handler
                0x0000000000081590                USART2_Handler
                0x0000000000081590                UART_Handler
                0x0000000000081590                BusFault_Handler
                0x0000000000081590                RSTC_Handler
                0x0000000000081590                TC0_Handler
 .text.flash_read_unique_id
                0x0000000000081594       0x4c obj/naeusb/sam3u_hal/flash_efc.o
                0x0000000000081594                flash_read_unique_id
 .text.cpu_irq_enter_critical
                0x00000000000815e0       0x40 obj/naeusb/sam3u_hal/interrupt_sam_nvic.o
                0x00000000000815e0                cpu_irq_enter_critical
 .text.cpu_irq_leave_critical
                0x0000000000081620       0x2c obj/naeusb/sam3u_hal/interrupt_sam_nvic.o
                0x0000000000081620                cpu_irq_leave_critical
 .text.LED_Off  0x000000000008164c       0x48 obj/naeusb/sam3u_hal/led.o
                0x000000000008164c                LED_Off
 .text.LED_On   0x0000000000081694       0x48 obj/naeusb/sam3u_hal/led.o
                0x0000000000081694                LED_On
 .text.pio_handler_process
                0x00000000000816dc       0x58 obj/naeusb/sam3u_hal/pio_handler.o
                0x00000000000816dc                pio_handler_process
 .text.PIOA_Handler
                0x0000000000081734       0x10 obj/naeusb/sam3u_hal/pio_handler.o
                0x0000000000081734                PIOA_Handler
 .text.PIOB_Handler
                0x0000000000081744       0x10 obj/naeusb/sam3u_hal/pio_handler.o
                0x0000000000081744                PIOB_Handler
 .text.PIOC_Handler
                0x0000000000081754       0x10 obj/naeusb/sam3u_hal/pio_handler.o
                0x0000000000081754                PIOC_Handler
 .text.pio_get_interrupt_status
                0x0000000000081764        0x4 obj/naeusb/sam3u_hal/pio.o
                0x0000000000081764                pio_get_interrupt_status
 .text.pio_get_interrupt_mask
                0x0000000000081768        0x4 obj/naeusb/sam3u_hal/pio.o
                0x0000000000081768                pio_get_interrupt_mask
 .text.pio_set_pin_high
                0x000000000008176c       0x1c obj/naeusb/sam3u_hal/pio.o
                0x000000000008176c                pio_set_pin_high
 .text.pio_set_pin_low
                0x0000000000081788       0x1c obj/naeusb/sam3u_hal/pio.o
                0x0000000000081788                pio_set_pin_low
 .text.pio_configure_pin
                0x00000000000817a4       0xf8 obj/naeusb/sam3u_hal/pio.o
                0x00000000000817a4                pio_configure_pin
 .text.pio_configure_pin_group
                0x000000000008189c       0xc4 obj/naeusb/sam3u_hal/pio.o
                0x000000000008189c                pio_configure_pin_group
 .text.pmc_switch_mck_to_mainck
                0x0000000000081960       0x5c obj/naeusb/sam3u_hal/pmc.o
                0x0000000000081960                pmc_switch_mck_to_mainck
 .text.pmc_switch_mck_to_pllack
                0x00000000000819bc       0x5c obj/naeusb/sam3u_hal/pmc.o
                0x00000000000819bc                pmc_switch_mck_to_pllack
 .text.pmc_osc_enable_main_xtal
                0x0000000000081a18       0x24 obj/naeusb/sam3u_hal/pmc.o
                0x0000000000081a18                pmc_osc_enable_main_xtal
 .text.pmc_osc_is_ready_main_xtal
                0x0000000000081a3c       0x10 obj/naeusb/sam3u_hal/pmc.o
                0x0000000000081a3c                pmc_osc_is_ready_main_xtal
 .text.pmc_osc_is_ready_mainck
                0x0000000000081a4c       0x10 obj/naeusb/sam3u_hal/pmc.o
                0x0000000000081a4c                pmc_osc_is_ready_mainck
 .text.pmc_mainck_osc_select
                0x0000000000081a5c       0x28 obj/naeusb/sam3u_hal/pmc.o
                0x0000000000081a5c                pmc_mainck_osc_select
 .text.pmc_disable_pllack
                0x0000000000081a84       0x10 obj/naeusb/sam3u_hal/pmc.o
                0x0000000000081a84                pmc_disable_pllack
 .text.pmc_is_locked_pllack
                0x0000000000081a94       0x10 obj/naeusb/sam3u_hal/pmc.o
                0x0000000000081a94                pmc_is_locked_pllack
 .text.pmc_is_locked_upll
                0x0000000000081aa4       0x10 obj/naeusb/sam3u_hal/pmc.o
                0x0000000000081aa4                pmc_is_locked_upll
 .text.pmc_enable_periph_clk
                0x0000000000081ab4       0x24 obj/naeusb/sam3u_hal/pmc.o
                0x0000000000081ab4                pmc_enable_periph_clk
 .text.pmc_disable_periph_clk
                0x0000000000081ad8       0x24 obj/naeusb/sam3u_hal/pmc.o
                0x0000000000081ad8                pmc_disable_periph_clk
 .text.pmc_set_fast_startup_input
                0x0000000000081afc       0x14 obj/naeusb/sam3u_hal/pmc.o
                0x0000000000081afc                pmc_set_fast_startup_input
 .text._read    0x0000000000081b10       0x40 obj/naeusb/sam3u_hal/read.o
                0x0000000000081b10                _read
 .text.pmc_is_wakeup_clocks_restored
                0x0000000000081b50       0x10 obj/naeusb/sam3u_hal/sleep.o
                0x0000000000081b50                pmc_is_wakeup_clocks_restored
 .text.smc_set_setup_timing
                0x0000000000081b60        0xc obj/naeusb/sam3u_hal/smc.o
                0x0000000000081b60                smc_set_setup_timing
 .text.smc_set_pulse_timing
                0x0000000000081b6c        0xc obj/naeusb/sam3u_hal/smc.o
                0x0000000000081b6c                smc_set_pulse_timing
 .text.smc_set_cycle_timing
                0x0000000000081b78        0xc obj/naeusb/sam3u_hal/smc.o
                0x0000000000081b78                smc_set_cycle_timing
 .text.smc_set_mode
                0x0000000000081b84       0x10 obj/naeusb/sam3u_hal/smc.o
                0x0000000000081b84                smc_set_mode
 .text.Reset_Handler
                0x0000000000081b94       0x8c obj/naeusb/sam3u_hal/startup_sam3u.o
                0x0000000000081b94                Reset_Handler
 .text._sbrk    0x0000000000081c20       0x40 obj/naeusb/sam3u_hal/syscalls.o
                0x0000000000081c20                _sbrk
 .text._close   0x0000000000081c60        0x8 obj/naeusb/sam3u_hal/syscalls.o
                0x0000000000081c60                _close
 .text._fstat   0x0000000000081c68        0xc obj/naeusb/sam3u_hal/syscalls.o
                0x0000000000081c68                _fstat
 .text._isatty  0x0000000000081c74        0x4 obj/naeusb/sam3u_hal/syscalls.o
                0x0000000000081c74                _isatty
 .text._lseek   0x0000000000081c78        0x4 obj/naeusb/sam3u_hal/syscalls.o
                0x0000000000081c78                _lseek
 .text._exit    0x0000000000081c7c       0x14 obj/naeusb/sam3u_hal/syscalls.o
                0x0000000000081c7c                _exit
 .text._kill    0x0000000000081c90        0x4 obj/naeusb/sam3u_hal/syscalls.o
                0x0000000000081c90                _kill
 .text._getpid  0x0000000000081c94        0x8 obj/naeusb/sam3u_hal/syscalls.o
                0x0000000000081c94                _getpid
 .text.sysclk_enable_usb
                0x0000000000081c9c       0x34 obj/naeusb/sam3u_hal/sysclk.o
                0x0000000000081c9c                sysclk_enable_usb
 .text.sysclk_init
                0x0000000000081cd0       0x7c obj/naeusb/sam3u_hal/sysclk.o
                0x0000000000081cd0                sysclk_init
 .text.SystemCoreClockUpdate
                0x0000000000081d4c       0xe8 obj/naeusb/sam3u_hal/system_sam3u.o
                0x0000000000081d4c                SystemCoreClockUpdate
 .text.uart_init
                0x0000000000081e34       0x38 obj/naeusb/sam3u_hal/uart.o
                0x0000000000081e34                uart_init
 .text.uart_write
                0x0000000000081e6c       0x10 obj/naeusb/sam3u_hal/uart.o
                0x0000000000081e6c                uart_write
 .text.uart_read
                0x0000000000081e7c       0x10 obj/naeusb/sam3u_hal/uart.o
                0x0000000000081e7c                uart_read
 .text.udi_vendor_getsetting
                0x0000000000081e8c        0xc obj/naeusb/sam3u_hal/udi_vendor.o
                0x0000000000081e8c                udi_vendor_getsetting
 .text.udi_vendor_disable
                0x0000000000081e98       0x14 obj/naeusb/sam3u_hal/udi_vendor.o
                0x0000000000081e98                udi_vendor_disable
 .text.udi_vendor_setup
                0x0000000000081eac       0x30 obj/naeusb/sam3u_hal/udi_vendor.o
                0x0000000000081eac                udi_vendor_setup
 .text.udi_vendor_enable
                0x0000000000081edc       0x28 obj/naeusb/sam3u_hal/udi_vendor.o
                0x0000000000081edc                udi_vendor_enable
 .text.udi_vendor_bulk_in_run
                0x0000000000081f04       0x20 obj/naeusb/sam3u_hal/udi_vendor.o
                0x0000000000081f04                udi_vendor_bulk_in_run
 .text.udi_vendor_bulk_out_run
                0x0000000000081f24       0x20 obj/naeusb/sam3u_hal/udi_vendor.o
                0x0000000000081f24                udi_vendor_bulk_out_run
 .text.udd_ep_finish_job
                0x0000000000081f44       0x40 obj/naeusb/sam3u_hal/udphs_device.o
 .text.udd_ep_trans_done
                0x0000000000081f84      0x1b4 obj/naeusb/sam3u_hal/udphs_device.o
 .text.udd_ctrl_in_sent
                0x0000000000082138      0x19c obj/naeusb/sam3u_hal/udphs_device.o
 .text.UDPHS_Handler
                0x00000000000822d4      0x798 obj/naeusb/sam3u_hal/udphs_device.o
                0x00000000000822d4                UDPHS_Handler
 .text.udd_attach
                0x0000000000082a6c       0xd0 obj/naeusb/sam3u_hal/udphs_device.o
                0x0000000000082a6c                udd_attach
 .text.udd_enable
                0x0000000000082b3c       0xc0 obj/naeusb/sam3u_hal/udphs_device.o
                0x0000000000082b3c                udd_enable
 .text.udd_detach
                0x0000000000082bfc       0x74 obj/naeusb/sam3u_hal/udphs_device.o
                0x0000000000082bfc                udd_detach
 .text.udd_is_high_speed
                0x0000000000082c70       0x10 obj/naeusb/sam3u_hal/udphs_device.o
                0x0000000000082c70                udd_is_high_speed
 .text.udd_set_address
                0x0000000000082c80       0x28 obj/naeusb/sam3u_hal/udphs_device.o
                0x0000000000082c80                udd_set_address
 .text.udd_getaddress
                0x0000000000082ca8       0x10 obj/naeusb/sam3u_hal/udphs_device.o
                0x0000000000082ca8                udd_getaddress
 .text.udd_get_frame_number
                0x0000000000082cb8       0x10 obj/naeusb/sam3u_hal/udphs_device.o
                0x0000000000082cb8                udd_get_frame_number
 .text.udd_set_setup_payload
                0x0000000000082cc8        0xc obj/naeusb/sam3u_hal/udphs_device.o
                0x0000000000082cc8                udd_set_setup_payload
 .text.udd_ep_free
                0x0000000000082cd4       0x50 obj/naeusb/sam3u_hal/udphs_device.o
                0x0000000000082cd4                udd_ep_free
 .text.udd_ep_is_halted
                0x0000000000082d24       0x34 obj/naeusb/sam3u_hal/udphs_device.o
                0x0000000000082d24                udd_ep_is_halted
 .text.udd_ep_set_halt
                0x0000000000082d58       0xa8 obj/naeusb/sam3u_hal/udphs_device.o
                0x0000000000082d58                udd_ep_set_halt
 .text.udd_ep_clear_halt
                0x0000000000082e00       0xcc obj/naeusb/sam3u_hal/udphs_device.o
                0x0000000000082e00                udd_ep_clear_halt
 .text.udd_ep_run
                0x0000000000082ecc       0xd8 obj/naeusb/sam3u_hal/udphs_device.o
                0x0000000000082ecc                udd_ep_run
 .text.udd_ep_alloc
                0x0000000000082fa4      0x22c obj/naeusb/sam3u_hal/udphs_device.o
                0x0000000000082fa4                udd_ep_alloc
 .text.udd_ep_abort
                0x00000000000831d0       0x6c obj/naeusb/sam3u_hal/udphs_device.o
                0x00000000000831d0                udd_ep_abort
 .text.udd_test_mode_j
                0x000000000008323c       0x24 obj/naeusb/sam3u_hal/udphs_device.o
                0x000000000008323c                udd_test_mode_j
 .text.udd_test_mode_k
                0x0000000000083260       0x24 obj/naeusb/sam3u_hal/udphs_device.o
                0x0000000000083260                udd_test_mode_k
 .text.udd_test_mode_se0_nak
                0x0000000000083284       0x18 obj/naeusb/sam3u_hal/udphs_device.o
                0x0000000000083284                udd_test_mode_se0_nak
 .text.udd_test_mode_packet
                0x000000000008329c       0xa0 obj/naeusb/sam3u_hal/udphs_device.o
                0x000000000008329c                udd_test_mode_packet
 .text.usart_write
                0x000000000008333c       0x14 obj/naeusb/sam3u_hal/usart.o
                0x000000000008333c                usart_write
 .text.usart_read
                0x0000000000083350       0x18 obj/naeusb/sam3u_hal/usart.o
                0x0000000000083350                usart_read
 .text._write   0x0000000000083368       0x4c obj/naeusb/sam3u_hal/write.o
                0x0000000000083368                _write
 .text          0x00000000000833b4        0xc /usr/lib/gcc/arm-none-eabi/10.3.1/../../../arm-none-eabi/lib/thumb/v7-m/nofp/libg.a(lib_a-atexit.o)
                0x00000000000833b4                atexit
 .text          0x00000000000833c0       0x2c /usr/lib/gcc/arm-none-eabi/10.3.1/../../../arm-none-eabi/lib/thumb/v7-m/nofp/libg.a(lib_a-fini.o)
                0x00000000000833c0                __libc_fini_array
 .text          0x00000000000833ec       0x48 /usr/lib/gcc/arm-none-eabi/10.3.1/../../../arm-none-eabi/lib/thumb/v7-m/nofp/libg.a(lib_a-init.o)
                0x00000000000833ec                __libc_init_array
 .text          0x0000000000083434       0x48 /usr/lib/gcc/arm-none-eabi/10.3.1/../../../arm-none-eabi/lib/thumb/v7-m/nofp/libg.a(lib_a-iprintf.o)
                0x0000000000083434                iprintf
                0x000000000008345c                _iprintf_r
 .text          0x000000000008347c       0xec /usr/lib/gcc/arm-none-eabi/10.3.1/../../../arm-none-eabi/lib/thumb/v7-m/nofp/libg.a(lib_a-memcpy.o)
                0x000000000008347c                memcpy
 .text          0x0000000000083568       0xa4 /usr/lib/gcc/arm-none-eabi/10.3.1/../../../arm-none-eabi/lib/thumb/v7-m/nofp/libg.a(lib_a-memset.o)
                0x0000000000083568                memset
 .text          0x000000000008360c       0x10 /usr/lib/gcc/arm-none-eabi/10.3.1/../../../arm-none-eabi/lib/thumb/v7-m/nofp/libg.a(lib_a-setbuf.o)
                0x000000000008360c                setbuf
 .text          0x000000000008361c      0x170 /usr/lib/gcc/arm-none-eabi/10.3.1/../../../arm-none-eabi/lib/thumb/v7-m/nofp/libg.a(lib_a-setvbuf.o)
                0x000000000008361c                setvbuf
 .text          0x000000000008378c       0x80 /usr/lib/gcc/arm-none-eabi/10.3.1/../../../arm-none-eabi/lib/thumb/v7-m/nofp/libg.a(lib_a-sprintf.o)
                0x000000000008378c                _sprintf_r
                0x00000000000837c8                sprintf
 .text          0x000000000008380c       0x5c /usr/lib/gcc/arm-none-eabi/10.3.1/../../../arm-none-eabi/lib/thumb/v7-m/nofp/libg.a(lib_a-strlen-stub.o)
                0x000000000008380c                strlen
 .text          0x0000000000083868       0x68 /usr/lib/gcc/arm-none-eabi/10.3.1/../../../arm-none-eabi/lib/thumb/v7-m/nofp/libg.a(lib_a-strncpy.o)
                0x0000000000083868                strncpy
 .text          0x00000000000838d0     0x1498 /usr/lib/gcc/arm-none-eabi/10.3.1/../../../arm-none-eabi/lib/thumb/v7-m/nofp/libg.a(lib_a-svfprintf.o)
                0x00000000000838d0                _svfprintf_r
 .text          0x0000000000084d68      0xd48 /usr/lib/gcc/arm-none-eabi/10.3.1/../../../arm-none-eabi/lib/thumb/v7-m/nofp/libg.a(lib_a-vfiprintf.o)
                0x0000000000084de0                __sprint_r
                0x0000000000084df4                _vfiprintf_r
                0x0000000000085a28                vfiprintf
 .text          0x0000000000085ab0       0xd4 /usr/lib/gcc/arm-none-eabi/10.3.1/../../../arm-none-eabi/lib/thumb/v7-m/nofp/libg.a(lib_a-wsetup.o)
                0x0000000000085ab0                __swsetup_r
 .text          0x0000000000085b84       0x64 /usr/lib/gcc/arm-none-eabi/10.3.1/../../../arm-none-eabi/lib/thumb/v7-m/nofp/libg.a(lib_a-__atexit.o)
                0x0000000000085b84                __register_exitproc
 .text.startup  0x0000000000085be8       0x14 /usr/lib/gcc/arm-none-eabi/10.3.1/../../../arm-none-eabi/lib/thumb/v7-m/nofp/libg.a(lib_a-__call_atexit.o)
 *fill*         0x0000000000085bfc        0x4 
 .text          0x0000000000085c00      0xff4 /usr/lib/gcc/arm-none-eabi/10.3.1/../../../arm-none-eabi/lib/thumb/v7-m/nofp/libg.a(lib_a-dtoa.o)
                0x0000000000085d2c                _dtoa_r
 .text          0x0000000000086bf4      0x1a0 /usr/lib/gcc/arm-none-eabi/10.3.1/../../../arm-none-eabi/lib/thumb/v7-m/nofp/libg.a(lib_a-fflush.o)
                0x0000000000086bf4                __sflush_r
                0x0000000000086d18                _fflush_r
                0x0000000000086d44                fflush
 .text          0x0000000000086d94      0x214 /usr/lib/gcc/arm-none-eabi/10.3.1/../../../arm-none-eabi/lib/thumb/v7-m/nofp/libg.a(lib_a-findfp.o)
                0x0000000000086d98                _cleanup_r
                0x0000000000086e7c                __sfmoreglue
                0x0000000000086eac                __sfp
                0x0000000000086f54                _cleanup
                0x0000000000086f68                __sinit
                0x0000000000086f70                __sfp_lock_acquire
                0x0000000000086f74                __sfp_lock_release
                0x0000000000086f78                __sinit_lock_acquire
                0x0000000000086f7c                __sinit_lock_release
                0x0000000000086f80                __fp_lock_all
                0x0000000000086f94                __fp_unlock_all
 .text          0x0000000000086fa8      0x104 /usr/lib/gcc/arm-none-eabi/10.3.1/../../../arm-none-eabi/lib/thumb/v7-m/nofp/libg.a(lib_a-fputwc.o)
                0x0000000000086fa8                __fputwc
                0x0000000000087048                _fputwc_r
                0x000000000008706c                fputwc
 .text          0x00000000000870ac      0x2a0 /usr/lib/gcc/arm-none-eabi/10.3.1/../../../arm-none-eabi/lib/thumb/v7-m/nofp/libg.a(lib_a-freer.o)
                0x00000000000870ac                _malloc_trim_r
                0x000000000008714c                _free_r
 .text          0x000000000008734c      0x2f0 /usr/lib/gcc/arm-none-eabi/10.3.1/../../../arm-none-eabi/lib/thumb/v7-m/nofp/libg.a(lib_a-fvwrite.o)
                0x000000000008734c                __sfvwrite_r
 .text          0x000000000008763c       0x88 /usr/lib/gcc/arm-none-eabi/10.3.1/../../../arm-none-eabi/lib/thumb/v7-m/nofp/libg.a(lib_a-fwalk.o)
                0x000000000008763c                _fwalk
                0x000000000008767c                _fwalk_reent
 .text          0x00000000000876c4       0x8c /usr/lib/gcc/arm-none-eabi/10.3.1/../../../arm-none-eabi/lib/thumb/v7-m/nofp/libg.a(lib_a-locale.o)
                0x00000000000876c4                _setlocale_r
                0x0000000000087704                __locale_mb_cur_max
                0x0000000000087710                setlocale
 .text          0x0000000000087750       0x14 /usr/lib/gcc/arm-none-eabi/10.3.1/../../../arm-none-eabi/lib/thumb/v7-m/nofp/libg.a(lib_a-localeconv.o)
                0x0000000000087750                __localeconv_l
                0x0000000000087754                _localeconv_r
                0x000000000008775c                localeconv
 .text          0x0000000000087764      0x140 /usr/lib/gcc/arm-none-eabi/10.3.1/../../../arm-none-eabi/lib/thumb/v7-m/nofp/libg.a(lib_a-makebuf.o)
                0x0000000000087764                __smakebuf_r
                0x0000000000087844                __swhatbuf_r
 .text          0x00000000000878a4       0x20 /usr/lib/gcc/arm-none-eabi/10.3.1/../../../arm-none-eabi/lib/thumb/v7-m/nofp/libg.a(lib_a-malloc.o)
                0x00000000000878a4                malloc
                0x00000000000878b4                free
 .text          0x00000000000878c4      0x54c /usr/lib/gcc/arm-none-eabi/10.3.1/../../../arm-none-eabi/lib/thumb/v7-m/nofp/libg.a(lib_a-mallocr.o)
                0x00000000000878c4                _malloc_r
 .text          0x0000000000087e10       0x40 /usr/lib/gcc/arm-none-eabi/10.3.1/../../../arm-none-eabi/lib/thumb/v7-m/nofp/libg.a(lib_a-mbtowc_r.o)
                0x0000000000087e10                _mbtowc_r
                0x0000000000087e24                __ascii_mbtowc
 .text          0x0000000000087e50       0x90 /usr/lib/gcc/arm-none-eabi/10.3.1/../../../arm-none-eabi/lib/thumb/v7-m/nofp/libg.a(lib_a-memchr-stub.o)
                0x0000000000087e50                memchr
 .text          0x0000000000087ee0       0xf8 /usr/lib/gcc/arm-none-eabi/10.3.1/../../../arm-none-eabi/lib/thumb/v7-m/nofp/libg.a(lib_a-memmove.o)
                0x0000000000087ee0                memmove
 .text          0x0000000000087fd8        0x8 /usr/lib/gcc/arm-none-eabi/10.3.1/../../../arm-none-eabi/lib/thumb/v7-m/nofp/libg.a(lib_a-mlock.o)
                0x0000000000087fd8                __malloc_lock
                0x0000000000087fdc                __malloc_unlock
 .text          0x0000000000087fe0      0xa68 /usr/lib/gcc/arm-none-eabi/10.3.1/../../../arm-none-eabi/lib/thumb/v7-m/nofp/libg.a(lib_a-mprec.o)
                0x0000000000087fe0                _Balloc
                0x000000000008802c                _Bfree
                0x0000000000088040                __multadd
                0x00000000000880e4                __s2b
                0x0000000000088198                __hi0bits
                0x00000000000881d8                __lo0bits
                0x0000000000088230                __i2b
                0x000000000008828c                __multiply
                0x00000000000883e8                __pow5mult
                0x00000000000884a0                __lshift
                0x000000000008858c                __mcmp
                0x00000000000885cc                __mdiff
                0x0000000000088718                __ulp
                0x000000000008875c                __b2d
                0x000000000008882c                __d2b
                0x00000000000888f0                __ratio
                0x0000000000088950                _mprec_log10
                0x0000000000088988                __copybits
                0x00000000000889e8                __any_on
 .text          0x0000000000088a48      0x3dc /usr/lib/gcc/arm-none-eabi/10.3.1/../../../arm-none-eabi/lib/thumb/v7-m/nofp/libg.a(lib_a-reallocr.o)
                0x0000000000088a48                _realloc_r
 .text          0x0000000000088e24       0x24 /usr/lib/gcc/arm-none-eabi/10.3.1/../../../arm-none-eabi/lib/thumb/v7-m/nofp/libg.a(lib_a-sbrkr.o)
                0x0000000000088e24                _sbrk_r
 .text          0x0000000000088e48       0x90 /usr/lib/gcc/arm-none-eabi/10.3.1/../../../arm-none-eabi/lib/thumb/v7-m/nofp/libg.a(lib_a-stdio.o)
                0x0000000000088e48                __sread
                0x0000000000088e6c                __seofread
                0x0000000000088e70                __swrite
                0x0000000000088eb0                __sseek
                0x0000000000088ed0                __sclose
 .text          0x0000000000088ed8      0x1bc /usr/lib/gcc/arm-none-eabi/10.3.1/../../../arm-none-eabi/lib/thumb/v7-m/nofp/libg.a(lib_a-strcmp.o)
                0x0000000000088ed8                strcmp
 .text          0x0000000000089094      0xb7c /usr/lib/gcc/arm-none-eabi/10.3.1/../../../arm-none-eabi/lib/thumb/v7-m/nofp/libg.a(lib_a-svfiprintf.o)
                0x0000000000089094                __ssprint_r
                0x0000000000089190                _svfiprintf_r
 .text          0x0000000000089c10       0xc4 /usr/lib/gcc/arm-none-eabi/10.3.1/../../../arm-none-eabi/lib/thumb/v7-m/nofp/libg.a(lib_a-wbuf.o)
                0x0000000000089c10                __swbuf_r
                0x0000000000089cc0                __swbuf
 .text          0x0000000000089cd4       0x88 /usr/lib/gcc/arm-none-eabi/10.3.1/../../../arm-none-eabi/lib/thumb/v7-m/nofp/libg.a(lib_a-wcrtomb.o)
                0x0000000000089cd4                _wcrtomb_r
                0x0000000000089d10                wcrtomb
 .text          0x0000000000089d5c       0x30 /usr/lib/gcc/arm-none-eabi/10.3.1/../../../arm-none-eabi/lib/thumb/v7-m/nofp/libg.a(lib_a-wctomb_r.o)
                0x0000000000089d5c                _wctomb_r
                0x0000000000089d70                __ascii_wctomb
 .text          0x0000000000089d8c       0x2c /usr/lib/gcc/arm-none-eabi/10.3.1/../../../arm-none-eabi/lib/thumb/v7-m/nofp/libg.a(lib_a-writer.o)
                0x0000000000089d8c                _write_r
 .text          0x0000000000089db8       0x4c /usr/lib/gcc/arm-none-eabi/10.3.1/../../../arm-none-eabi/lib/thumb/v7-m/nofp/libg.a(lib_a-assert.o)
                0x0000000000089db8                __assert_func
                0x0000000000089df8                __assert
 .text          0x0000000000089e04       0x60 /usr/lib/gcc/arm-none-eabi/10.3.1/../../../arm-none-eabi/lib/thumb/v7-m/nofp/libg.a(lib_a-callocr.o)
                0x0000000000089e04                _calloc_r
 .text          0x0000000000089e64       0x24 /usr/lib/gcc/arm-none-eabi/10.3.1/../../../arm-none-eabi/lib/thumb/v7-m/nofp/libg.a(lib_a-closer.o)
                0x0000000000089e64                _close_r
 .text          0x0000000000089e88       0xd4 /usr/lib/gcc/arm-none-eabi/10.3.1/../../../arm-none-eabi/lib/thumb/v7-m/nofp/libg.a(lib_a-fclose.o)
                0x0000000000089eec                _fclose_r
                0x0000000000089f20                fclose
 .text          0x0000000000089f5c       0x44 /usr/lib/gcc/arm-none-eabi/10.3.1/../../../arm-none-eabi/lib/thumb/v7-m/nofp/libg.a(lib_a-fiprintf.o)
                0x0000000000089f5c                _fiprintf_r
                0x0000000000089f78                fiprintf
 .text          0x0000000000089fa0       0x28 /usr/lib/gcc/arm-none-eabi/10.3.1/../../../arm-none-eabi/lib/thumb/v7-m/nofp/libg.a(lib_a-fstatr.o)
                0x0000000000089fa0                _fstat_r
 .text          0x0000000000089fc8       0x24 /usr/lib/gcc/arm-none-eabi/10.3.1/../../../arm-none-eabi/lib/thumb/v7-m/nofp/libg.a(lib_a-isattyr.o)
                0x0000000000089fc8                _isatty_r
 .text          0x0000000000089fec       0x2c /usr/lib/gcc/arm-none-eabi/10.3.1/../../../arm-none-eabi/lib/thumb/v7-m/nofp/libg.a(lib_a-lseekr.o)
                0x0000000000089fec                _lseek_r
 .text          0x000000000008a018       0x2c /usr/lib/gcc/arm-none-eabi/10.3.1/../../../arm-none-eabi/lib/thumb/v7-m/nofp/libg.a(lib_a-readr.o)
                0x000000000008a018                _read_r
 .text          0x000000000008a044       0x10 /usr/lib/gcc/arm-none-eabi/10.3.1/../../../arm-none-eabi/lib/thumb/v7-m/nofp/libg.a(lib_a-abort.o)
                0x000000000008a044                abort
 .text          0x000000000008a054      0x28c /usr/lib/gcc/arm-none-eabi/10.3.1/../../../arm-none-eabi/lib/thumb/v7-m/nofp/libg.a(lib_a-signal.o)
                0x000000000008a054                _init_signal_r
                0x000000000008a084                _signal_r
                0x000000000008a0d0                _raise_r
                0x000000000008a128                __sigtramp_r
                0x000000000008a190                raise
                0x000000000008a1ec                signal
                0x000000000008a240                _init_signal
                0x000000000008a278                __sigtramp
 .text          0x000000000008a2e0       0x2c /usr/lib/gcc/arm-none-eabi/10.3.1/../../../arm-none-eabi/lib/thumb/v7-m/nofp/libg.a(lib_a-signalr.o)
                0x000000000008a2e0                _kill_r
                0x000000000008a308                _getpid_r
 .text          0x000000000008a30c      0x378 /usr/lib/gcc/arm-none-eabi/10.3.1/thumb/v7-m/nofp/libgcc.a(_arm_addsubdf3.o)
                0x000000000008a30c                __aeabi_drsub
                0x000000000008a314                __aeabi_dsub
                0x000000000008a314                __subdf3
                0x000000000008a318                __adddf3
                0x000000000008a318                __aeabi_dadd
                0x000000000008a590                __aeabi_ui2d
                0x000000000008a590                __floatunsidf
                0x000000000008a5b0                __floatsidf
                0x000000000008a5b0                __aeabi_i2d
                0x000000000008a5d4                __extendsfdf2
                0x000000000008a5d4                __aeabi_f2d
                0x000000000008a618                __aeabi_ul2d
                0x000000000008a618                __floatundidf
                0x000000000008a628                __floatdidf
                0x000000000008a628                __aeabi_l2d
 .text          0x000000000008a684      0x424 /usr/lib/gcc/arm-none-eabi/10.3.1/thumb/v7-m/nofp/libgcc.a(_arm_muldivdf3.o)
                0x000000000008a684                __aeabi_dmul
                0x000000000008a684                __muldf3
                0x000000000008a8d8                __aeabi_ddiv
                0x000000000008a8d8                __divdf3
 .text          0x000000000008aaa8      0x110 /usr/lib/gcc/arm-none-eabi/10.3.1/thumb/v7-m/nofp/libgcc.a(_arm_cmpdf2.o)
                0x000000000008aaa8                __gtdf2
                0x000000000008aaa8                __gedf2
                0x000000000008aab0                __ltdf2
                0x000000000008aab0                __ledf2
                0x000000000008aab8                __cmpdf2
                0x000000000008aab8                __eqdf2
                0x000000000008aab8                __nedf2
                0x000000000008ab34                __aeabi_cdrcmple
                0x000000000008ab44                __aeabi_cdcmple
                0x000000000008ab44                __aeabi_cdcmpeq
                0x000000000008ab54                __aeabi_dcmpeq
                0x000000000008ab68                __aeabi_dcmplt
                0x000000000008ab7c                __aeabi_dcmple
                0x000000000008ab90                __aeabi_dcmpge
                0x000000000008aba4                __aeabi_dcmpgt
 .text          0x000000000008abb8       0x2c /usr/lib/gcc/arm-none-eabi/10.3.1/thumb/v7-m/nofp/libgcc.a(_arm_unorddf2.o)
                0x000000000008abb8                __aeabi_dcmpun
                0x000000000008abb8                __unorddf2
 .text          0x000000000008abe4       0x50 /usr/lib/gcc/arm-none-eabi/10.3.1/thumb/v7-m/nofp/libgcc.a(_arm_fixdfsi.o)
                0x000000000008abe4                __fixdfsi
                0x000000000008abe4                __aeabi_d2iz
 .text          0x000000000008ac34       0x30 /usr/lib/gcc/arm-none-eabi/10.3.1/thumb/v7-m/nofp/libgcc.a(_aeabi_uldivmod.o)
                0x000000000008ac34                __aeabi_uldivmod
 .text          0x000000000008ac64      0x2d4 /usr/lib/gcc/arm-none-eabi/10.3.1/thumb/v7-m/nofp/libgcc.a(_udivmoddi4.o)
                0x000000000008ac64                __udivmoddi4
 .text          0x000000000008af38        0x4 /usr/lib/gcc/arm-none-eabi/10.3.1/thumb/v7-m/nofp/libgcc.a(_dvmd_tls.o)
                0x000000000008af38                __aeabi_ldiv0
                0x000000000008af38                __aeabi_idiv0
 *(.glue_7t)
 .glue_7t       0x000000000008af3c        0x0 linker stubs
 *(.glue_7)
 .glue_7        0x000000000008af3c        0x0 linker stubs
 *(.rodata .rodata* .gnu.linkonce.r.*)
 .rodata.main.str1.4
                0x000000000008af3c        0x5 obj/main_emfi_target.o
 *fill*         0x000000000008af41        0x3 
 .rodata.BUILD_DATE
                0x000000000008af44        0xc obj/naeusb/naeusb_default.o
 .rodata.BUILD_TIME
                0x000000000008af50        0x9 obj/naeusb/naeusb_default.o
 *fill*         0x000000000008af59        0x3 
 .rodata.LED_DESCRIPTOR
                0x000000000008af5c       0x18 obj/naeusb/sam3u_hal/led.o
 .rodata._exit.str1.4
                0x000000000008af74       0x19 obj/naeusb/sam3u_hal/syscalls.o
 *fill*         0x000000000008af8d        0x3 
 .rodata        0x000000000008af90       0x35 obj/naeusb/sam3u_hal/udphs_device.o
 *fill*         0x000000000008afc5        0x3 
 .rodata        0x000000000008afc8        0x4 /usr/lib/gcc/arm-none-eabi/10.3.1/../../../arm-none-eabi/lib/thumb/v7-m/nofp/libg.a(lib_a-impure.o)
                0x000000000008afc8                _global_impure_ptr
 .rodata.str1.4
                0x000000000008afcc       0x42 /usr/lib/gcc/arm-none-eabi/10.3.1/../../../arm-none-eabi/lib/thumb/v7-m/nofp/libg.a(lib_a-svfprintf.o)
 *fill*         0x000000000008b00e        0x2 
 .rodata        0x000000000008b010       0x20 /usr/lib/gcc/arm-none-eabi/10.3.1/../../../arm-none-eabi/lib/thumb/v7-m/nofp/libg.a(lib_a-svfprintf.o)
 .rodata.str1.4
                0x000000000008b030       0x2f /usr/lib/gcc/arm-none-eabi/10.3.1/../../../arm-none-eabi/lib/thumb/v7-m/nofp/libg.a(lib_a-vfiprintf.o)
 .rodata        0x000000000008b030       0x20 /usr/lib/gcc/arm-none-eabi/10.3.1/../../../arm-none-eabi/lib/thumb/v7-m/nofp/libg.a(lib_a-vfiprintf.o)
 .rodata.str1.4
                0x000000000008b050       0x56 /usr/lib/gcc/arm-none-eabi/10.3.1/../../../arm-none-eabi/lib/thumb/v7-m/nofp/libg.a(lib_a-dtoa.o)
                                         0x5a (size before relaxing)
 *fill*         0x000000000008b0a6        0x2 
 .rodata.str1.4
                0x000000000008b0a8        0xe /usr/lib/gcc/arm-none-eabi/10.3.1/../../../arm-none-eabi/lib/thumb/v7-m/nofp/libg.a(lib_a-locale.o)
                                         0x12 (size before relaxing)
 *fill*         0x000000000008b0b6        0x2 
 .rodata.str1.4
                0x000000000008b0b8       0x33 /usr/lib/gcc/arm-none-eabi/10.3.1/../../../arm-none-eabi/lib/thumb/v7-m/nofp/libg.a(lib_a-mprec.o)
                                         0x47 (size before relaxing)
 *fill*         0x000000000008b0eb        0x5 
 .rodata        0x000000000008b0f0      0x128 /usr/lib/gcc/arm-none-eabi/10.3.1/../../../arm-none-eabi/lib/thumb/v7-m/nofp/libg.a(lib_a-mprec.o)
                0x000000000008b100                __mprec_tens
                0x000000000008b1c8                __mprec_tinytens
                0x000000000008b1f0                __mprec_bigtens
 .rodata.str1.4
                0x000000000008b218       0x2f /usr/lib/gcc/arm-none-eabi/10.3.1/../../../arm-none-eabi/lib/thumb/v7-m/nofp/libg.a(lib_a-svfiprintf.o)
 .rodata        0x000000000008b218       0x20 /usr/lib/gcc/arm-none-eabi/10.3.1/../../../arm-none-eabi/lib/thumb/v7-m/nofp/libg.a(lib_a-svfiprintf.o)
 .rodata.str1.4
                0x000000000008b238       0x3f /usr/lib/gcc/arm-none-eabi/10.3.1/../../../arm-none-eabi/lib/thumb/v7-m/nofp/libg.a(lib_a-assert.o)
                                         0x43 (size before relaxing)
 *fill*         0x000000000008b277        0x1 
 .rodata        0x000000000008b278      0x101 /usr/lib/gcc/arm-none-eabi/10.3.1/../../../arm-none-eabi/lib/thumb/v7-m/nofp/libg.a(lib_a-ctype_.o)
                0x000000000008b278                _ctype_
 *(.ARM.extab* .gnu.linkonce.armextab.*)
                0x000000000008b37c                . = ALIGN (0x4)
 *fill*         0x000000000008b379        0x3 
 *(.init)
 .init          0x000000000008b37c        0x4 /usr/lib/gcc/arm-none-eabi/10.3.1/thumb/v7-m/nofp/crti.o
                0x000000000008b37c                _init
 .init          0x000000000008b380        0x8 /usr/lib/gcc/arm-none-eabi/10.3.1/thumb/v7-m/nofp/crtn.o
                0x000000000008b388                . = ALIGN (0x4)
                0x000000000008b388                __preinit_array_start = .
 *(.preinit_array)
                0x000000000008b388                __preinit_array_end = .
                0x000000000008b388                . = ALIGN (0x4)
                0x000000000008b388                __init_array_start = .
 *(SORT_BY_NAME(.init_array.*))
 .init_array.00000
                0x000000000008b388        0x4 /usr/lib/gcc/arm-none-eabi/10.3.1/../../../arm-none-eabi/lib/thumb/v7-m/nofp/libg.a(lib_a-__call_atexit.o)
 *(.init_array)
 .init_array    0x000000000008b38c        0x4 /usr/lib/gcc/arm-none-eabi/10.3.1/thumb/v7-m/nofp/crtbegin.o
                0x000000000008b390                __init_array_end = .
                0x000000000008b390                . = ALIGN (0x4)
 *crtbegin.o(.ctors)
 *(EXCLUDE_FILE(*crtend.o) .ctors)
 *(SORT_BY_NAME(.ctors.*))
 *crtend.o(.ctors)
                0x000000000008b390                . = ALIGN (0x4)
 *(.fini)
 .fini          0x000000000008b390        0x4 /usr/lib/gcc/arm-none-eabi/10.3.1/thumb/v7-m/nofp/crti.o
                0x000000000008b390                _fini
 .fini          0x000000000008b394        0x8 /usr/lib/gcc/arm-none-eabi/10.3.1/thumb/v7-m/nofp/crtn.o
                0x000000000008b39c                . = ALIGN (0x4)
                0x000000000008b39c                __fini_array_start = .
 *(.fini_array)
 .fini_array    0x000000000008b39c        0x4 /usr/lib/gcc/arm-none-eabi/10.3.1/thumb/v7-m/nofp/crtbegin.o
 *(SORT_BY_NAME(.fini_array.*))
                0x000000000008b3a0                __fini_array_end = .
 *crtbegin.o(.dtors)
 *(EXCLUDE_FILE(*crtend.o) .dtors)
 *(SORT_BY_NAME(.dtors.*))
 *crtend.o(.dtors)
                0x000000000008b3a0                . = ALIGN (0x4)
                0x000000000008b3a0                _efixed = .
                [!provide]                        PROVIDE (__exidx_start = .)

.vfp11_veneer   0x000000000008b3a0        0x0
 .vfp11_veneer  0x000000000008b3a0        0x0 linker stubs

.v4_bx          0x000000000008b3a0        0x0
 .v4_bx         0x000000000008b3a0        0x0 linker stubs

.iplt           0x000000000008b3a0        0x0
 .iplt          0x000000000008b3a0        0x0 /usr/lib/gcc/arm-none-eabi/10.3.1/thumb/v7-m/nofp/crtbegin.o

.ARM.exidx      0x000000000008b3a0        0x8
 *(.ARM.exidx* .gnu.linkonce.armexidx.*)
 .ARM.exidx     0x000000000008b3a0        0x8 /usr/lib/gcc/arm-none-eabi/10.3.1/thumb/v7-m/nofp/libgcc.a(_udivmoddi4.o)
                [!provide]                        PROVIDE (__exidx_end = .)

.eh_frame       0x000000000008b3a8        0x0
 .eh_frame      0x000000000008b3a8        0x0 /usr/lib/gcc/arm-none-eabi/10.3.1/thumb/v7-m/nofp/crtbegin.o

.rel.dyn        0x000000000008b3a8        0x0
 .rel.iplt      0x000000000008b3a8        0x0 /usr/lib/gcc/arm-none-eabi/10.3.1/thumb/v7-m/nofp/crtbegin.o

.tm_clone_table
                0x000000000008b3a8        0x0
 .tm_clone_table
                0x000000000008b3a8        0x0 /usr/lib/gcc/arm-none-eabi/10.3.1/thumb/v7-m/nofp/crtbegin.o
 .tm_clone_table
                0x000000000008b3a8        0x0 /usr/lib/gcc/arm-none-eabi/10.3.1/thumb/v7-m/nofp/crtend.o

.igot.plt       0x000000000008b3a8        0x0
 .igot.plt      0x000000000008b3a8        0x0 /usr/lib/gcc/arm-none-eabi/10.3.1/thumb/v7-m/nofp/crtbegin.o
                0x000000000008b3a8                . = ALIGN (0x4)
                0x000000000008b3a8                _etext = .

.relocate       0x0000000020000000      0xd5c load address 0x000000000008b3a8
                0x0000000020000000                . = ALIGN (0x4)
                0x0000000020000000                _srelocate = .
 *(.ramfunc .ramfunc.*)
 .ramfunc       0x0000000020000000       0xa4 obj/naeusb/sam3u_hal/efc.o
                0x0000000020000000                efc_perform_read_sequence
                0x0000000020000088                efc_write_fmr
                0x000000002000008c                efc_perform_fcr
 .ramfunc       0x00000000200000a4       0xf8 obj/naeusb/sam3u_hal/system_sam3u.o
                0x00000000200000a4                SystemInit
                0x0000000020000130                system_init_flash
 *(.data .data.*)
 .data.usb_serial_number
                0x000000002000019c       0x21 obj/main_emfi_target.o
                0x000000002000019c                usb_serial_number
 *fill*         0x00000000200001bd        0x3 
 .data.sram_size
                0x00000000200001c0        0x4 obj/naeusb_ballistic.o
                0x00000000200001c0                sram_size
 .data.main_b_vendor_enable
                0x00000000200001c4        0x1 obj/naeusb/naeusb.o
 *fill*         0x00000000200001c5        0x3 
 .data.MS_BOS_PACKET
                0x00000000200001c8       0x21 obj/naeusb/udc.o
 *fill*         0x00000000200001e9        0x3 
 .data.MS_OS_DESC
                0x00000000200001ec       0x9e obj/naeusb/udc.o
 *fill*         0x000000002000028a        0x2 
 .data.udc_string_desc
                0x000000002000028c       0x42 obj/naeusb/udc.o
 *fill*         0x00000000200002ce        0x2 
 .data.udc_string_desc_languageid
                0x00000000200002d0        0x4 obj/naeusb/udc.o
 .data.udc_string_manufacturer_name
                0x00000000200002d4       0x16 obj/naeusb/udc.o
 *fill*         0x00000000200002ea        0x2 
 .data.udc_string_product_name
                0x00000000200002ec       0x14 obj/naeusb/udc.o
 .data.xram     0x0000000020000300        0x4 obj/naeusb/usb_xmem.o
                0x0000000020000300                xram
 .data.g_interrupt_enabled
                0x0000000020000304        0x1 obj/naeusb/sam3u_hal/interrupt_sam_nvic.o
                0x0000000020000304                g_interrupt_enabled
 *fill*         0x0000000020000305        0x3 
 .data.SystemCoreClock
                0x0000000020000308        0x4 obj/naeusb/sam3u_hal/system_sam3u.o
                0x0000000020000308                SystemCoreClock
 .data.udi_api_vendor
                0x000000002000030c       0x14 obj/naeusb/sam3u_hal/udi_vendor.o
                0x000000002000030c                udi_api_vendor
 .data.udc_config
                0x0000000020000320       0x18 obj/naeusb/sam3u_hal/usb_no_cdc/udi_vendor_desc.o
                0x0000000020000320                udc_config
 .data.udc_config_hs
                0x0000000020000338        0x8 obj/naeusb/sam3u_hal/usb_no_cdc/udi_vendor_desc.o
                0x0000000020000338                udc_config_hs
 .data.udc_config_lsfs
                0x0000000020000340        0x8 obj/naeusb/sam3u_hal/usb_no_cdc/udi_vendor_desc.o
                0x0000000020000340                udc_config_lsfs
 .data.udc_desc_fs
                0x0000000020000348       0x20 obj/naeusb/sam3u_hal/usb_no_cdc/udi_vendor_desc.o
                0x0000000020000348                udc_desc_fs
 .data.udc_desc_hs
                0x0000000020000368       0x20 obj/naeusb/sam3u_hal/usb_no_cdc/udi_vendor_desc.o
                0x0000000020000368                udc_desc_hs
 .data.udc_device_desc
                0x0000000020000388       0x12 obj/naeusb/sam3u_hal/usb_no_cdc/udi_vendor_desc.o
                0x0000000020000388                udc_device_desc
 *fill*         0x000000002000039a        0x2 
 .data.udc_device_qual
                0x000000002000039c        0xa obj/naeusb/sam3u_hal/usb_no_cdc/udi_vendor_desc.o
                0x000000002000039c                udc_device_qual
 *fill*         0x00000000200003a6        0x2 
 .data.udi_apis
                0x00000000200003a8        0x4 obj/naeusb/sam3u_hal/usb_no_cdc/udi_vendor_desc.o
                0x00000000200003a8                udi_apis
 *fill*         0x00000000200003ac        0x4 
 .data          0x00000000200003b0      0x430 /usr/lib/gcc/arm-none-eabi/10.3.1/../../../arm-none-eabi/lib/thumb/v7-m/nofp/libg.a(lib_a-impure.o)
                0x00000000200003b0                _impure_ptr
 .data          0x00000000200007e0      0x16c /usr/lib/gcc/arm-none-eabi/10.3.1/../../../arm-none-eabi/lib/thumb/v7-m/nofp/libg.a(lib_a-locale.o)
                0x00000000200007e0                __global_locale
 .data          0x000000002000094c      0x410 /usr/lib/gcc/arm-none-eabi/10.3.1/../../../arm-none-eabi/lib/thumb/v7-m/nofp/libg.a(lib_a-mallocr.o)
                0x000000002000094c                __malloc_av_
                0x0000000020000d54                __malloc_sbrk_base
                0x0000000020000d58                __malloc_trim_threshold
                0x0000000020000d5c                . = ALIGN (0x4)
                0x0000000020000d5c                _erelocate = .

.bss            0x0000000020000d5c     0x29ac load address 0x000000000008c104
                0x0000000020000d5c                . = ALIGN (0x4)
                0x0000000020000d5c                _sbss = .
                0x0000000020000d5c                _szero = .
 *(.bss .bss.*)
 .bss           0x0000000020000d5c       0x1c /usr/lib/gcc/arm-none-eabi/10.3.1/thumb/v7-m/nofp/crtbegin.o
 .bss.buffer    0x0000000020000d78     0x2328 obj/naeusb_ballistic.o
 .bss.bulkread_address
                0x00000000200030a0        0x4 obj/naeusb_ballistic.o
 .bss.ctrlmemread_buf
                0x00000000200030a4        0x4 obj/naeusb_ballistic.o
 .bss.ctrlmemread_size
                0x00000000200030a8        0x4 obj/naeusb_ballistic.o
 .bss.found_err
                0x00000000200030ac        0x4 obj/naeusb_ballistic.o
 .bss.seed      0x00000000200030b0       0x10 obj/naeusb_ballistic.o
 .bss.state     0x00000000200030c0       0x10 obj/naeusb_ballistic.o
 .bss.ctrlbuffer
                0x00000000200030d0       0x40 obj/naeusb/naeusb.o
                0x00000000200030d0                ctrlbuffer
 .bss.main_buf_loopback
                0x0000000020003110      0x400 obj/naeusb/naeusb.o
                0x0000000020003110                main_buf_loopback
 .bss.naeusb_in_request_handlers
                0x0000000020003510       0x40 obj/naeusb/naeusb.o
 .bss.naeusb_num_in_handlers
                0x0000000020003550        0x1 obj/naeusb/naeusb.o
 .bss.naeusb_num_out_handlers
                0x0000000020003551        0x1 obj/naeusb/naeusb.o
 *fill*         0x0000000020003552        0x2 
 .bss.naeusb_out_request_handlers
                0x0000000020003554       0x40 obj/naeusb/naeusb.o
 .bss.respbuf   0x0000000020003594       0x40 obj/naeusb/naeusb.o
                0x0000000020003594                respbuf
 .bss.udc_device_status
                0x00000000200035d4        0x2 obj/naeusb/udc.o
 .bss.udc_ep_status.0
                0x00000000200035d6        0x2 obj/naeusb/udc.o
 .bss.udc_iface_setting.1
                0x00000000200035d8        0x1 obj/naeusb/udc.o
 .bss.udc_num_configuration
                0x00000000200035d9        0x1 obj/naeusb/udc.o
 *fill*         0x00000000200035da        0x2 
 .bss.udc_ptr_conf
                0x00000000200035dc        0x4 obj/naeusb/udc.o
 .bss.udc_ptr_iface
                0x00000000200035e0        0x4 obj/naeusb/udc.o
 .bss._fpga_locked
                0x00000000200035e4        0x1 obj/naeusb/usb_xmem.o
 *fill*         0x00000000200035e5        0x3 
 .bss.cpu_irq_critical_section_counter
                0x00000000200035e8        0x4 obj/naeusb/sam3u_hal/interrupt_sam_nvic.o
 .bss.cpu_irq_prev_interrupt_state
                0x00000000200035ec        0x1 obj/naeusb/sam3u_hal/interrupt_sam_nvic.o
 *fill*         0x00000000200035ed        0x3 
 .bss.gs_interrupt_sources
                0x00000000200035f0       0x70 obj/naeusb/sam3u_hal/pio_handler.o
 .bss.ptr_get   0x0000000020003660        0x4 obj/naeusb/sam3u_hal/read.o
                0x0000000020003660                ptr_get
 .bss.b_is_sleep_clock_used
                0x0000000020003664        0x1 obj/naeusb/sam3u_hal/sleep.o
 *fill*         0x0000000020003665        0x3 
 .bss.sleepmgr_locks
                0x0000000020003668        0x6 obj/naeusb/sam3u_hal/sleepmgr.o
                0x0000000020003668                sleepmgr_locks
 *fill*         0x000000002000366e        0x2 
 .bss.heap.0    0x0000000020003670        0x4 obj/naeusb/sam3u_hal/syscalls.o
 .bss.udi_vendor_alternate_setting
                0x0000000020003674        0x1 obj/naeusb/sam3u_hal/udi_vendor.o
 .bss.b_shortpacket.0
                0x0000000020003675        0x1 obj/naeusb/sam3u_hal/udphs_device.o
 .bss.udd_b_idle
                0x0000000020003676        0x1 obj/naeusb/sam3u_hal/udphs_device.o
 *fill*         0x0000000020003677        0x1 
 .bss.udd_ctrl_payload_buf_cnt
                0x0000000020003678        0x2 obj/naeusb/sam3u_hal/udphs_device.o
 .bss.udd_ctrl_prev_payload_buf_cnt
                0x000000002000367a        0x2 obj/naeusb/sam3u_hal/udphs_device.o
 .bss.udd_ep_control_state
                0x000000002000367c        0x1 obj/naeusb/sam3u_hal/udphs_device.o
 *fill*         0x000000002000367d        0x3 
 .bss.udd_ep_job
                0x0000000020003680       0x30 obj/naeusb/sam3u_hal/udphs_device.o
 .bss.udd_g_ctrlreq
                0x00000000200036b0       0x18 obj/naeusb/sam3u_hal/udphs_device.o
                0x00000000200036b0                udd_g_ctrlreq
 .bss.ptr_put   0x00000000200036c8        0x4 obj/naeusb/sam3u_hal/write.o
                0x00000000200036c8                ptr_put
 .bss.stdio_base
                0x00000000200036cc        0x4 obj/naeusb/sam3u_hal/write.o
                0x00000000200036cc                stdio_base
 .bss           0x00000000200036d0       0x34 /usr/lib/gcc/arm-none-eabi/10.3.1/../../../arm-none-eabi/lib/thumb/v7-m/nofp/libg.a(lib_a-mallocr.o)
                0x00000000200036d0                __malloc_top_pad
                0x00000000200036d4                __malloc_current_mallinfo
                0x00000000200036fc                __malloc_max_sbrked_mem
                0x0000000020003700                __malloc_max_total_mem
 .bss           0x0000000020003704        0x4 /usr/lib/gcc/arm-none-eabi/10.3.1/../../../arm-none-eabi/lib/thumb/v7-m/nofp/libg.a(lib_a-reent.o)
                0x0000000020003704                errno
 *(COMMON)
                0x0000000020003708                . = ALIGN (0x4)
                0x0000000020003708                _ebss = .
                0x0000000020003708                _ezero = .

.mpssemem
 *(.mpssemem)

.stack          0x0000000020080000     0x3000
                0x0000000020080000                . = ALIGN (0x8)
                0x0000000020080000                _sstack = .
                0x0000000020083000                . = (. + __stack_size__)
 *fill*         0x0000000020080000     0x3000 
                0x0000000020083000                . = ALIGN (0x8)
                0x0000000020083000                _estack = .
                0x0000000020083000                . = ALIGN (0x4)
                0x0000000020083000                _end = .
OUTPUT(emfi_target.elf elf32-littlearm)
LOAD linker stubs

.ARM.attributes
                0x0000000000000000       0x29
 .ARM.attributes
                0x0000000000000000       0x1d /usr/lib/gcc/arm-none-eabi/10.3.1/thumb/v7-m/nofp/crti.o
 .ARM.attributes
                0x000000000000001d       0x2d /usr/lib/gcc/arm-none-eabi/10.3.1/thumb/v7-m/nofp/crtbegin.o
 .ARM.attributes
                0x000000000000004a       0x2d obj/main_emfi_target.o
 .ARM.attributes
                0x0000000000000077       0x2d obj/naeusb_ballistic.o
 .ARM.attributes
                0x00000000000000a4       0x2d obj/naeusb/naeusb.o
 .ARM.attributes
                0x00000000000000d1       0x2d obj/naeusb/naeusb_default.o
 .ARM.attributes
                0x00000000000000fe       0x2d obj/naeusb/udc.o
 .ARM.attributes
                0x000000000000012b       0x2d obj/naeusb/usb_xmem.o
 .ARM.attributes
                0x0000000000000158       0x2d obj/ui.o
 .ARM.attributes
                0x0000000000000185       0x2d obj/init.o
 .ARM.attributes
                0x00000000000001b2       0x2d obj/naeusb/sam3u_hal/efc.o
 .ARM.attributes
                0x00000000000001df       0x2d obj/naeusb/sam3u_hal/exceptions.o
 .ARM.attributes
                0x000000000000020c       0x2d obj/naeusb/sam3u_hal/flash_efc.o
 .ARM.attributes
                0x0000000000000239       0x2d obj/naeusb/sam3u_hal/interrupt_sam_nvic.o
 .ARM.attributes
                0x0000000000000266       0x2d obj/naeusb/sam3u_hal/led.o
 .ARM.attributes
                0x0000000000000293       0x2d obj/naeusb/sam3u_hal/pio_handler.o
 .ARM.attributes
                0x00000000000002c0       0x2d obj/naeusb/sam3u_hal/pio.o
 .ARM.attributes
                0x00000000000002ed       0x2d obj/naeusb/sam3u_hal/pmc.o
 .ARM.attributes
                0x000000000000031a       0x2d obj/naeusb/sam3u_hal/read.o
 .ARM.attributes
                0x0000000000000347       0x2d obj/naeusb/sam3u_hal/sleep.o
 .ARM.attributes
                0x0000000000000374       0x33 obj/naeusb/sam3u_hal/sleepmgr.o
 .ARM.attributes
                0x00000000000003a7       0x2d obj/naeusb/sam3u_hal/smc.o
 .ARM.attributes
                0x00000000000003d4       0x2d obj/naeusb/sam3u_hal/startup_sam3u.o
 .ARM.attributes
                0x0000000000000401       0x2d obj/naeusb/sam3u_hal/syscalls.o
 .ARM.attributes
                0x000000000000042e       0x2d obj/naeusb/sam3u_hal/sysclk.o
 .ARM.attributes
                0x000000000000045b       0x2d obj/naeusb/sam3u_hal/system_sam3u.o
 .ARM.attributes
                0x0000000000000488       0x2d obj/naeusb/sam3u_hal/uart.o
 .ARM.attributes
                0x00000000000004b5       0x2d obj/naeusb/sam3u_hal/udi_vendor.o
 .ARM.attributes
                0x00000000000004e2       0x2d obj/naeusb/sam3u_hal/udphs_device.o
 .ARM.attributes
                0x000000000000050f       0x2d obj/naeusb/sam3u_hal/usart.o
 .ARM.attributes
                0x000000000000053c       0x2d obj/naeusb/sam3u_hal/write.o
 .ARM.attributes
                0x0000000000000569       0x33 obj/naeusb/sam3u_hal/usb_no_cdc/udi_vendor_desc.o
 .ARM.attributes
                0x000000000000059c       0x2d /usr/lib/gcc/arm-none-eabi/10.3.1/../../../arm-none-eabi/lib/thumb/v7-m/nofp/libg.a(lib_a-atexit.o)
 .ARM.attributes
                0x00000000000005c9       0x2d /usr/lib/gcc/arm-none-eabi/10.3.1/../../../arm-none-eabi/lib/thumb/v7-m/nofp/libg.a(lib_a-fini.o)
 .ARM.attributes
                0x00000000000005f6       0x2d /usr/lib/gcc/arm-none-eabi/10.3.1/../../../arm-none-eabi/lib/thumb/v7-m/nofp/libg.a(lib_a-impure.o)
 .ARM.attributes
                0x0000000000000623       0x2d /usr/lib/gcc/arm-none-eabi/10.3.1/../../../arm-none-eabi/lib/thumb/v7-m/nofp/libg.a(lib_a-init.o)
 .ARM.attributes
                0x0000000000000650       0x2d /usr/lib/gcc/arm-none-eabi/10.3.1/../../../arm-none-eabi/lib/thumb/v7-m/nofp/libg.a(lib_a-iprintf.o)
 .ARM.attributes
                0x000000000000067d       0x1b /usr/lib/gcc/arm-none-eabi/10.3.1/../../../arm-none-eabi/lib/thumb/v7-m/nofp/libg.a(lib_a-memcpy.o)
 .ARM.attributes
                0x0000000000000698       0x2d /usr/lib/gcc/arm-none-eabi/10.3.1/../../../arm-none-eabi/lib/thumb/v7-m/nofp/libg.a(lib_a-memset.o)
 .ARM.attributes
                0x00000000000006c5       0x2d /usr/lib/gcc/arm-none-eabi/10.3.1/../../../arm-none-eabi/lib/thumb/v7-m/nofp/libg.a(lib_a-setbuf.o)
 .ARM.attributes
                0x00000000000006f2       0x2d /usr/lib/gcc/arm-none-eabi/10.3.1/../../../arm-none-eabi/lib/thumb/v7-m/nofp/libg.a(lib_a-setvbuf.o)
 .ARM.attributes
                0x000000000000071f       0x2d /usr/lib/gcc/arm-none-eabi/10.3.1/../../../arm-none-eabi/lib/thumb/v7-m/nofp/libg.a(lib_a-sprintf.o)
 .ARM.attributes
                0x000000000000074c       0x2d /usr/lib/gcc/arm-none-eabi/10.3.1/../../../arm-none-eabi/lib/thumb/v7-m/nofp/libg.a(lib_a-strlen-stub.o)
 .ARM.attributes
                0x0000000000000779       0x2d /usr/lib/gcc/arm-none-eabi/10.3.1/../../../arm-none-eabi/lib/thumb/v7-m/nofp/libg.a(lib_a-strncpy.o)
 .ARM.attributes
                0x00000000000007a6       0x2d /usr/lib/gcc/arm-none-eabi/10.3.1/../../../arm-none-eabi/lib/thumb/v7-m/nofp/libg.a(lib_a-svfprintf.o)
 .ARM.attributes
                0x00000000000007d3       0x2d /usr/lib/gcc/arm-none-eabi/10.3.1/../../../arm-none-eabi/lib/thumb/v7-m/nofp/libg.a(lib_a-vfiprintf.o)
 .ARM.attributes
                0x0000000000000800       0x2d /usr/lib/gcc/arm-none-eabi/10.3.1/../../../arm-none-eabi/lib/thumb/v7-m/nofp/libg.a(lib_a-wsetup.o)
 .ARM.attributes
                0x000000000000082d       0x2d /usr/lib/gcc/arm-none-eabi/10.3.1/../../../arm-none-eabi/lib/thumb/v7-m/nofp/libg.a(lib_a-__atexit.o)
 .ARM.attributes
                0x000000000000085a       0x2d /usr/lib/gcc/arm-none-eabi/10.3.1/../../../arm-none-eabi/lib/thumb/v7-m/nofp/libg.a(lib_a-__call_atexit.o)
 .ARM.attributes
                0x0000000000000887       0x2d /usr/lib/gcc/arm-none-eabi/10.3.1/../../../arm-none-eabi/lib/thumb/v7-m/nofp/libg.a(lib_a-dtoa.o)
 .ARM.attributes
                0x00000000000008b4       0x2d /usr/lib/gcc/arm-none-eabi/10.3.1/../../../arm-none-eabi/lib/thumb/v7-m/nofp/libg.a(lib_a-fflush.o)
 .ARM.attributes
                0x00000000000008e1       0x2d /usr/lib/gcc/arm-none-eabi/10.3.1/../../../arm-none-eabi/lib/thumb/v7-m/nofp/libg.a(lib_a-findfp.o)
 .ARM.attributes
                0x000000000000090e       0x2d /usr/lib/gcc/arm-none-eabi/10.3.1/../../../arm-none-eabi/lib/thumb/v7-m/nofp/libg.a(lib_a-fputwc.o)
 .ARM.attributes
                0x000000000000093b       0x2d /usr/lib/gcc/arm-none-eabi/10.3.1/../../../arm-none-eabi/lib/thumb/v7-m/nofp/libg.a(lib_a-freer.o)
 .ARM.attributes
                0x0000000000000968       0x2d /usr/lib/gcc/arm-none-eabi/10.3.1/../../../arm-none-eabi/lib/thumb/v7-m/nofp/libg.a(lib_a-fvwrite.o)
 .ARM.attributes
                0x0000000000000995       0x2d /usr/lib/gcc/arm-none-eabi/10.3.1/../../../arm-none-eabi/lib/thumb/v7-m/nofp/libg.a(lib_a-fwalk.o)
 .ARM.attributes
                0x00000000000009c2       0x2d /usr/lib/gcc/arm-none-eabi/10.3.1/../../../arm-none-eabi/lib/thumb/v7-m/nofp/libg.a(lib_a-locale.o)
 .ARM.attributes
                0x00000000000009ef       0x2d /usr/lib/gcc/arm-none-eabi/10.3.1/../../../arm-none-eabi/lib/thumb/v7-m/nofp/libg.a(lib_a-localeconv.o)
 .ARM.attributes
                0x0000000000000a1c       0x2d /usr/lib/gcc/arm-none-eabi/10.3.1/../../../arm-none-eabi/lib/thumb/v7-m/nofp/libg.a(lib_a-makebuf.o)
 .ARM.attributes
                0x0000000000000a49       0x2d /usr/lib/gcc/arm-none-eabi/10.3.1/../../../arm-none-eabi/lib/thumb/v7-m/nofp/libg.a(lib_a-malloc.o)
 .ARM.attributes
                0x0000000000000a76       0x2d /usr/lib/gcc/arm-none-eabi/10.3.1/../../../arm-none-eabi/lib/thumb/v7-m/nofp/libg.a(lib_a-mallocr.o)
 .ARM.attributes
                0x0000000000000aa3       0x2d /usr/lib/gcc/arm-none-eabi/10.3.1/../../../arm-none-eabi/lib/thumb/v7-m/nofp/libg.a(lib_a-mbtowc_r.o)
 .ARM.attributes
                0x0000000000000ad0       0x2d /usr/lib/gcc/arm-none-eabi/10.3.1/../../../arm-none-eabi/lib/thumb/v7-m/nofp/libg.a(lib_a-memchr-stub.o)
 .ARM.attributes
                0x0000000000000afd       0x2d /usr/lib/gcc/arm-none-eabi/10.3.1/../../../arm-none-eabi/lib/thumb/v7-m/nofp/libg.a(lib_a-memmove.o)
 .ARM.attributes
                0x0000000000000b2a       0x2d /usr/lib/gcc/arm-none-eabi/10.3.1/../../../arm-none-eabi/lib/thumb/v7-m/nofp/libg.a(lib_a-mlock.o)
 .ARM.attributes
                0x0000000000000b57       0x2d /usr/lib/gcc/arm-none-eabi/10.3.1/../../../arm-none-eabi/lib/thumb/v7-m/nofp/libg.a(lib_a-mprec.o)
 .ARM.attributes
                0x0000000000000b84       0x2d /usr/lib/gcc/arm-none-eabi/10.3.1/../../../arm-none-eabi/lib/thumb/v7-m/nofp/libg.a(lib_a-reallocr.o)
 .ARM.attributes
                0x0000000000000bb1       0x2d /usr/lib/gcc/arm-none-eabi/10.3.1/../../../arm-none-eabi/lib/thumb/v7-m/nofp/libg.a(lib_a-sbrkr.o)
 .ARM.attributes
                0x0000000000000bde       0x2d /usr/lib/gcc/arm-none-eabi/10.3.1/../../../arm-none-eabi/lib/thumb/v7-m/nofp/libg.a(lib_a-stdio.o)
 .ARM.attributes
                0x0000000000000c0b       0x1b /usr/lib/gcc/arm-none-eabi/10.3.1/../../../arm-none-eabi/lib/thumb/v7-m/nofp/libg.a(lib_a-strcmp.o)
 .ARM.attributes
                0x0000000000000c26       0x2d /usr/lib/gcc/arm-none-eabi/10.3.1/../../../arm-none-eabi/lib/thumb/v7-m/nofp/libg.a(lib_a-svfiprintf.o)
 .ARM.attributes
                0x0000000000000c53       0x2d /usr/lib/gcc/arm-none-eabi/10.3.1/../../../arm-none-eabi/lib/thumb/v7-m/nofp/libg.a(lib_a-wbuf.o)
 .ARM.attributes
                0x0000000000000c80       0x2d /usr/lib/gcc/arm-none-eabi/10.3.1/../../../arm-none-eabi/lib/thumb/v7-m/nofp/libg.a(lib_a-wcrtomb.o)
 .ARM.attributes
                0x0000000000000cad       0x2d /usr/lib/gcc/arm-none-eabi/10.3.1/../../../arm-none-eabi/lib/thumb/v7-m/nofp/libg.a(lib_a-wctomb_r.o)
 .ARM.attributes
                0x0000000000000cda       0x2d /usr/lib/gcc/arm-none-eabi/10.3.1/../../../arm-none-eabi/lib/thumb/v7-m/nofp/libg.a(lib_a-writer.o)
 .ARM.attributes
                0x0000000000000d07       0x2d /usr/lib/gcc/arm-none-eabi/10.3.1/../../../arm-none-eabi/lib/thumb/v7-m/nofp/libg.a(lib_a-assert.o)
 .ARM.attributes
                0x0000000000000d34       0x2d /usr/lib/gcc/arm-none-eabi/10.3.1/../../../arm-none-eabi/lib/thumb/v7-m/nofp/libg.a(lib_a-callocr.o)
 .ARM.attributes
                0x0000000000000d61       0x2d /usr/lib/gcc/arm-none-eabi/10.3.1/../../../arm-none-eabi/lib/thumb/v7-m/nofp/libg.a(lib_a-closer.o)
 .ARM.attributes
                0x0000000000000d8e       0x2d /usr/lib/gcc/arm-none-eabi/10.3.1/../../../arm-none-eabi/lib/thumb/v7-m/nofp/libg.a(lib_a-ctype_.o)
 .ARM.attributes
                0x0000000000000dbb       0x2d /usr/lib/gcc/arm-none-eabi/10.3.1/../../../arm-none-eabi/lib/thumb/v7-m/nofp/libg.a(lib_a-fclose.o)
 .ARM.attributes
                0x0000000000000de8       0x2d /usr/lib/gcc/arm-none-eabi/10.3.1/../../../arm-none-eabi/lib/thumb/v7-m/nofp/libg.a(lib_a-fiprintf.o)
 .ARM.attributes
                0x0000000000000e15       0x2d /usr/lib/gcc/arm-none-eabi/10.3.1/../../../arm-none-eabi/lib/thumb/v7-m/nofp/libg.a(lib_a-fstatr.o)
 .ARM.attributes
                0x0000000000000e42       0x2d /usr/lib/gcc/arm-none-eabi/10.3.1/../../../arm-none-eabi/lib/thumb/v7-m/nofp/libg.a(lib_a-isattyr.o)
 .ARM.attributes
                0x0000000000000e6f       0x2d /usr/lib/gcc/arm-none-eabi/10.3.1/../../../arm-none-eabi/lib/thumb/v7-m/nofp/libg.a(lib_a-lseekr.o)
 .ARM.attributes
                0x0000000000000e9c       0x2d /usr/lib/gcc/arm-none-eabi/10.3.1/../../../arm-none-eabi/lib/thumb/v7-m/nofp/libg.a(lib_a-readr.o)
 .ARM.attributes
                0x0000000000000ec9       0x2d /usr/lib/gcc/arm-none-eabi/10.3.1/../../../arm-none-eabi/lib/thumb/v7-m/nofp/libg.a(lib_a-reent.o)
 .ARM.attributes
                0x0000000000000ef6       0x2d /usr/lib/gcc/arm-none-eabi/10.3.1/../../../arm-none-eabi/lib/thumb/v7-m/nofp/libg.a(lib_a-abort.o)
 .ARM.attributes
                0x0000000000000f23       0x2d /usr/lib/gcc/arm-none-eabi/10.3.1/../../../arm-none-eabi/lib/thumb/v7-m/nofp/libg.a(lib_a-signal.o)
 .ARM.attributes
                0x0000000000000f50       0x2d /usr/lib/gcc/arm-none-eabi/10.3.1/../../../arm-none-eabi/lib/thumb/v7-m/nofp/libg.a(lib_a-signalr.o)
 .ARM.attributes
                0x0000000000000f7d       0x1d /usr/lib/gcc/arm-none-eabi/10.3.1/thumb/v7-m/nofp/libgcc.a(_arm_addsubdf3.o)
 .ARM.attributes
                0x0000000000000f9a       0x1d /usr/lib/gcc/arm-none-eabi/10.3.1/thumb/v7-m/nofp/libgcc.a(_arm_muldivdf3.o)
 .ARM.attributes
                0x0000000000000fb7       0x1d /usr/lib/gcc/arm-none-eabi/10.3.1/thumb/v7-m/nofp/libgcc.a(_arm_cmpdf2.o)
 .ARM.attributes
                0x0000000000000fd4       0x1d /usr/lib/gcc/arm-none-eabi/10.3.1/thumb/v7-m/nofp/libgcc.a(_arm_unorddf2.o)
 .ARM.attributes
                0x0000000000000ff1       0x1d /usr/lib/gcc/arm-none-eabi/10.3.1/thumb/v7-m/nofp/libgcc.a(_arm_fixdfsi.o)
 .ARM.attributes
                0x000000000000100e       0x1d /usr/lib/gcc/arm-none-eabi/10.3.1/thumb/v7-m/nofp/libgcc.a(_aeabi_uldivmod.o)
 .ARM.attributes
                0x000000000000102b       0x2d /usr/lib/gcc/arm-none-eabi/10.3.1/thumb/v7-m/nofp/libgcc.a(_udivmoddi4.o)
 .ARM.attributes
                0x0000000000001058       0x1d /usr/lib/gcc/arm-none-eabi/10.3.1/thumb/v7-m/nofp/libgcc.a(_dvmd_tls.o)
 .ARM.attributes
                0x0000000000001075       0x2d /usr/lib/gcc/arm-none-eabi/10.3.1/thumb/v7-m/nofp/crtend.o
 .ARM.attributes
                0x00000000000010a2       0x1d /usr/lib/gcc/arm-none-eabi/10.3.1/thumb/v7-m/nofp/crtn.o

.comment        0x0000000000000000       0x33
 .comment       0x0000000000000000       0x33 /usr/lib/gcc/arm-none-eabi/10.3.1/thumb/v7-m/nofp/crtbegin.o
                                         0x34 (size before relaxing)
 .comment       0x0000000000000033       0x34 obj/main_emfi_target.o
 .comment       0x0000000000000033       0x34 obj/naeusb_ballistic.o
 .comment       0x0000000000000033       0x34 obj/naeusb/naeusb.o
 .comment       0x0000000000000033       0x34 obj/naeusb/naeusb_default.o
 .comment       0x0000000000000033       0x34 obj/naeusb/udc.o
 .comment       0x0000000000000033       0x34 obj/naeusb/usb_xmem.o
 .comment       0x0000000000000033       0x34 obj/ui.o
 .comment       0x0000000000000033       0x34 obj/init.o
 .comment       0x0000000000000033       0x34 obj/naeusb/sam3u_hal/efc.o
 .comment       0x0000000000000033       0x34 obj/naeusb/sam3u_hal/exceptions.o
 .comment       0x0000000000000033       0x34 obj/naeusb/sam3u_hal/flash_efc.o
 .comment       0x0000000000000033       0x34 obj/naeusb/sam3u_hal/interrupt_sam_nvic.o
 .comment       0x0000000000000033       0x34 obj/naeusb/sam3u_hal/led.o
 .comment       0x0000000000000033       0x34 obj/naeusb/sam3u_hal/pio_handler.o
 .comment       0x0000000000000033       0x34 obj/naeusb/sam3u_hal/pio.o
 .comment       0x0000000000000033       0x34 obj/naeusb/sam3u_hal/pmc.o
 .comment       0x0000000000000033       0x34 obj/naeusb/sam3u_hal/read.o
 .comment       0x0000000000000033       0x34 obj/naeusb/sam3u_hal/sleep.o
 .comment       0x0000000000000033       0x34 obj/naeusb/sam3u_hal/sleepmgr.o
 .comment       0x0000000000000033       0x34 obj/naeusb/sam3u_hal/smc.o
 .comment       0x0000000000000033       0x34 obj/naeusb/sam3u_hal/startup_sam3u.o
 .comment       0x0000000000000033       0x34 obj/naeusb/sam3u_hal/syscalls.o
 .comment       0x0000000000000033       0x34 obj/naeusb/sam3u_hal/sysclk.o
 .comment       0x0000000000000033       0x34 obj/naeusb/sam3u_hal/system_sam3u.o
 .comment       0x0000000000000033       0x34 obj/naeusb/sam3u_hal/uart.o
 .comment       0x0000000000000033       0x34 obj/naeusb/sam3u_hal/udi_vendor.o
 .comment       0x0000000000000033       0x34 obj/naeusb/sam3u_hal/udphs_device.o
 .comment       0x0000000000000033       0x34 obj/naeusb/sam3u_hal/usart.o
 .comment       0x0000000000000033       0x34 obj/naeusb/sam3u_hal/write.o
 .comment       0x0000000000000033       0x34 obj/naeusb/sam3u_hal/usb_no_cdc/udi_vendor_desc.o
 .comment       0x0000000000000033       0x34 /usr/lib/gcc/arm-none-eabi/10.3.1/../../../arm-none-eabi/lib/thumb/v7-m/nofp/libg.a(lib_a-atexit.o)
 .comment       0x0000000000000033       0x34 /usr/lib/gcc/arm-none-eabi/10.3.1/../../../arm-none-eabi/lib/thumb/v7-m/nofp/libg.a(lib_a-fini.o)
 .comment       0x0000000000000033       0x34 /usr/lib/gcc/arm-none-eabi/10.3.1/../../../arm-none-eabi/lib/thumb/v7-m/nofp/libg.a(lib_a-impure.o)
 .comment       0x0000000000000033       0x34 /usr/lib/gcc/arm-none-eabi/10.3.1/../../../arm-none-eabi/lib/thumb/v7-m/nofp/libg.a(lib_a-init.o)
 .comment       0x0000000000000033       0x34 /usr/lib/gcc/arm-none-eabi/10.3.1/../../../arm-none-eabi/lib/thumb/v7-m/nofp/libg.a(lib_a-iprintf.o)
 .comment       0x0000000000000033       0x34 /usr/lib/gcc/arm-none-eabi/10.3.1/../../../arm-none-eabi/lib/thumb/v7-m/nofp/libg.a(lib_a-memset.o)
 .comment       0x0000000000000033       0x34 /usr/lib/gcc/arm-none-eabi/10.3.1/../../../arm-none-eabi/lib/thumb/v7-m/nofp/libg.a(lib_a-setbuf.o)
 .comment       0x0000000000000033       0x34 /usr/lib/gcc/arm-none-eabi/10.3.1/../../../arm-none-eabi/lib/thumb/v7-m/nofp/libg.a(lib_a-setvbuf.o)
 .comment       0x0000000000000033       0x34 /usr/lib/gcc/arm-none-eabi/10.3.1/../../../arm-none-eabi/lib/thumb/v7-m/nofp/libg.a(lib_a-sprintf.o)
 .comment       0x0000000000000033       0x34 /usr/lib/gcc/arm-none-eabi/10.3.1/../../../arm-none-eabi/lib/thumb/v7-m/nofp/libg.a(lib_a-strlen-stub.o)
 .comment       0x0000000000000033       0x34 /usr/lib/gcc/arm-none-eabi/10.3.1/../../../arm-none-eabi/lib/thumb/v7-m/nofp/libg.a(lib_a-strncpy.o)
 .comment       0x0000000000000033       0x34 /usr/lib/gcc/arm-none-eabi/10.3.1/../../../arm-none-eabi/lib/thumb/v7-m/nofp/libg.a(lib_a-svfprintf.o)
 .comment       0x0000000000000033       0x34 /usr/lib/gcc/arm-none-eabi/10.3.1/../../../arm-none-eabi/lib/thumb/v7-m/nofp/libg.a(lib_a-vfiprintf.o)
 .comment       0x0000000000000033       0x34 /usr/lib/gcc/arm-none-eabi/10.3.1/../../../arm-none-eabi/lib/thumb/v7-m/nofp/libg.a(lib_a-wsetup.o)
 .comment       0x0000000000000033       0x34 /usr/lib/gcc/arm-none-eabi/10.3.1/../../../arm-none-eabi/lib/thumb/v7-m/nofp/libg.a(lib_a-__atexit.o)
 .comment       0x0000000000000033       0x34 /usr/lib/gcc/arm-none-eabi/10.3.1/../../../arm-none-eabi/lib/thumb/v7-m/nofp/libg.a(lib_a-__call_atexit.o)
 .comment       0x0000000000000033       0x34 /usr/lib/gcc/arm-none-eabi/10.3.1/../../../arm-none-eabi/lib/thumb/v7-m/nofp/libg.a(lib_a-dtoa.o)
 .comment       0x0000000000000033       0x34 /usr/lib/gcc/arm-none-eabi/10.3.1/../../../arm-none-eabi/lib/thumb/v7-m/nofp/libg.a(lib_a-fflush.o)
 .comment       0x0000000000000033       0x34 /usr/lib/gcc/arm-none-eabi/10.3.1/../../../arm-none-eabi/lib/thumb/v7-m/nofp/libg.a(lib_a-findfp.o)
 .comment       0x0000000000000033       0x34 /usr/lib/gcc/arm-none-eabi/10.3.1/../../../arm-none-eabi/lib/thumb/v7-m/nofp/libg.a(lib_a-fputwc.o)
 .comment       0x0000000000000033       0x34 /usr/lib/gcc/arm-none-eabi/10.3.1/../../../arm-none-eabi/lib/thumb/v7-m/nofp/libg.a(lib_a-freer.o)
 .comment       0x0000000000000033       0x34 /usr/lib/gcc/arm-none-eabi/10.3.1/../../../arm-none-eabi/lib/thumb/v7-m/nofp/libg.a(lib_a-fvwrite.o)
 .comment       0x0000000000000033       0x34 /usr/lib/gcc/arm-none-eabi/10.3.1/../../../arm-none-eabi/lib/thumb/v7-m/nofp/libg.a(lib_a-fwalk.o)
 .comment       0x0000000000000033       0x34 /usr/lib/gcc/arm-none-eabi/10.3.1/../../../arm-none-eabi/lib/thumb/v7-m/nofp/libg.a(lib_a-locale.o)
 .comment       0x0000000000000033       0x34 /usr/lib/gcc/arm-none-eabi/10.3.1/../../../arm-none-eabi/lib/thumb/v7-m/nofp/libg.a(lib_a-localeconv.o)
 .comment       0x0000000000000033       0x34 /usr/lib/gcc/arm-none-eabi/10.3.1/../../../arm-none-eabi/lib/thumb/v7-m/nofp/libg.a(lib_a-makebuf.o)
 .comment       0x0000000000000033       0x34 /usr/lib/gcc/arm-none-eabi/10.3.1/../../../arm-none-eabi/lib/thumb/v7-m/nofp/libg.a(lib_a-malloc.o)
 .comment       0x0000000000000033       0x34 /usr/lib/gcc/arm-none-eabi/10.3.1/../../../arm-none-eabi/lib/thumb/v7-m/nofp/libg.a(lib_a-mallocr.o)
 .comment       0x0000000000000033       0x34 /usr/lib/gcc/arm-none-eabi/10.3.1/../../../arm-none-eabi/lib/thumb/v7-m/nofp/libg.a(lib_a-mbtowc_r.o)
 .comment       0x0000000000000033       0x34 /usr/lib/gcc/arm-none-eabi/10.3.1/../../../arm-none-eabi/lib/thumb/v7-m/nofp/libg.a(lib_a-memchr-stub.o)
 .comment       0x0000000000000033       0x34 /usr/lib/gcc/arm-none-eabi/10.3.1/../../../arm-none-eabi/lib/thumb/v7-m/nofp/libg.a(lib_a-memmove.o)
 .comment       0x0000000000000033       0x34 /usr/lib/gcc/arm-none-eabi/10.3.1/../../../arm-none-eabi/lib/thumb/v7-m/nofp/libg.a(lib_a-mlock.o)
 .comment       0x0000000000000033       0x34 /usr/lib/gcc/arm-none-eabi/10.3.1/../../../arm-none-eabi/lib/thumb/v7-m/nofp/libg.a(lib_a-mprec.o)
 .comment       0x0000000000000033       0x34 /usr/lib/gcc/arm-none-eabi/10.3.1/../../../arm-none-eabi/lib/thumb/v7-m/nofp/libg.a(lib_a-reallocr.o)
 .comment       0x0000000000000033       0x34 /usr/lib/gcc/arm-none-eabi/10.3.1/../../../arm-none-eabi/lib/thumb/v7-m/nofp/libg.a(lib_a-sbrkr.o)
 .comment       0x0000000000000033       0x34 /usr/lib/gcc/arm-none-eabi/10.3.1/../../../arm-none-eabi/lib/thumb/v7-m/nofp/libg.a(lib_a-stdio.o)
 .comment       0x0000000000000033       0x34 /usr/lib/gcc/arm-none-eabi/10.3.1/../../../arm-none-eabi/lib/thumb/v7-m/nofp/libg.a(lib_a-svfiprintf.o)
 .comment       0x0000000000000033       0x34 /usr/lib/gcc/arm-none-eabi/10.3.1/../../../arm-none-eabi/lib/thumb/v7-m/nofp/libg.a(lib_a-wbuf.o)
 .comment       0x0000000000000033       0x34 /usr/lib/gcc/arm-none-eabi/10.3.1/../../../arm-none-eabi/lib/thumb/v7-m/nofp/libg.a(lib_a-wcrtomb.o)
 .comment       0x0000000000000033       0x34 /usr/lib/gcc/arm-none-eabi/10.3.1/../../../arm-none-eabi/lib/thumb/v7-m/nofp/libg.a(lib_a-wctomb_r.o)
 .comment       0x0000000000000033       0x34 /usr/lib/gcc/arm-none-eabi/10.3.1/../../../arm-none-eabi/lib/thumb/v7-m/nofp/libg.a(lib_a-writer.o)
 .comment       0x0000000000000033       0x34 /usr/lib/gcc/arm-none-eabi/10.3.1/../../../arm-none-eabi/lib/thumb/v7-m/nofp/libg.a(lib_a-assert.o)
 .comment       0x0000000000000033       0x34 /usr/lib/gcc/arm-none-eabi/10.3.1/../../../arm-none-eabi/lib/thumb/v7-m/nofp/libg.a(lib_a-callocr.o)
 .comment       0x0000000000000033       0x34 /usr/lib/gcc/arm-none-eabi/10.3.1/../../../arm-none-eabi/lib/thumb/v7-m/nofp/libg.a(lib_a-closer.o)
 .comment       0x0000000000000033       0x34 /usr/lib/gcc/arm-none-eabi/10.3.1/../../../arm-none-eabi/lib/thumb/v7-m/nofp/libg.a(lib_a-ctype_.o)
 .comment       0x0000000000000033       0x34 /usr/lib/gcc/arm-none-eabi/10.3.1/../../../arm-none-eabi/lib/thumb/v7-m/nofp/libg.a(lib_a-fclose.o)
 .comment       0x0000000000000033       0x34 /usr/lib/gcc/arm-none-eabi/10.3.1/../../../arm-none-eabi/lib/thumb/v7-m/nofp/libg.a(lib_a-fiprintf.o)
 .comment       0x0000000000000033       0x34 /usr/lib/gcc/arm-none-eabi/10.3.1/../../../arm-none-eabi/lib/thumb/v7-m/nofp/libg.a(lib_a-fstatr.o)
 .comment       0x0000000000000033       0x34 /usr/lib/gcc/arm-none-eabi/10.3.1/../../../arm-none-eabi/lib/thumb/v7-m/nofp/libg.a(lib_a-isattyr.o)
 .comment       0x0000000000000033       0x34 /usr/lib/gcc/arm-none-eabi/10.3.1/../../../arm-none-eabi/lib/thumb/v7-m/nofp/libg.a(lib_a-lseekr.o)
 .comment       0x0000000000000033       0x34 /usr/lib/gcc/arm-none-eabi/10.3.1/../../../arm-none-eabi/lib/thumb/v7-m/nofp/libg.a(lib_a-readr.o)
 .comment       0x0000000000000033       0x34 /usr/lib/gcc/arm-none-eabi/10.3.1/../../../arm-none-eabi/lib/thumb/v7-m/nofp/libg.a(lib_a-reent.o)
 .comment       0x0000000000000033       0x34 /usr/lib/gcc/arm-none-eabi/10.3.1/../../../arm-none-eabi/lib/thumb/v7-m/nofp/libg.a(lib_a-abort.o)
 .comment       0x0000000000000033       0x34 /usr/lib/gcc/arm-none-eabi/10.3.1/../../../arm-none-eabi/lib/thumb/v7-m/nofp/libg.a(lib_a-signal.o)
 .comment       0x0000000000000033       0x34 /usr/lib/gcc/arm-none-eabi/10.3.1/../../../arm-none-eabi/lib/thumb/v7-m/nofp/libg.a(lib_a-signalr.o)
 .comment       0x0000000000000033       0x34 /usr/lib/gcc/arm-none-eabi/10.3.1/thumb/v7-m/nofp/libgcc.a(_udivmoddi4.o)
 .comment       0x0000000000000033       0x34 /usr/lib/gcc/arm-none-eabi/10.3.1/thumb/v7-m/nofp/crtend.o

.debug_info     0x0000000000000000    0x3b6ff
 .debug_info    0x0000000000000000     0x1d3b obj/main_emfi_target.o
 .debug_info    0x0000000000001d3b      0xa95 obj/naeusb_ballistic.o
 .debug_info    0x00000000000027d0      0x4bd obj/naeusb/naeusb.o
 .debug_info    0x0000000000002c8d      0x63c obj/naeusb/naeusb_default.o
 .debug_info    0x00000000000032c9     0x18e2 obj/naeusb/udc.o
 .debug_info    0x0000000000004bab     0x102d obj/naeusb/usb_xmem.o
 .debug_info    0x0000000000005bd8      0x256 obj/ui.o
 .debug_info    0x0000000000005e2e      0x6c9 obj/init.o
 .debug_info    0x00000000000064f7      0x763 obj/naeusb/sam3u_hal/efc.o
 .debug_info    0x0000000000006c5a       0xd8 obj/naeusb/sam3u_hal/exceptions.o
 .debug_info    0x0000000000006d32     0x1962 obj/naeusb/sam3u_hal/flash_efc.o
 .debug_info    0x0000000000008694      0x1c3 obj/naeusb/sam3u_hal/interrupt_sam_nvic.o
 .debug_info    0x0000000000008857      0x1ee obj/naeusb/sam3u_hal/led.o
 .debug_info    0x0000000000008a45      0xe5b obj/naeusb/sam3u_hal/pio_handler.o
 .debug_info    0x00000000000098a0     0x181a obj/naeusb/sam3u_hal/pio.o
 .debug_info    0x000000000000b0ba      0xf5e obj/naeusb/sam3u_hal/pmc.o
 .debug_info    0x000000000000c018      0x17f obj/naeusb/sam3u_hal/read.o
 .debug_info    0x000000000000c197      0xa44 obj/naeusb/sam3u_hal/sleep.o
 .debug_info    0x000000000000cbdb      0x140 obj/naeusb/sam3u_hal/sleepmgr.o
 .debug_info    0x000000000000cd1b      0x979 obj/naeusb/sam3u_hal/smc.o
 .debug_info    0x000000000000d694      0x3ac obj/naeusb/sam3u_hal/startup_sam3u.o
 .debug_info    0x000000000000da40      0x4cf obj/naeusb/sam3u_hal/syscalls.o
 .debug_info    0x000000000000df0f      0x974 obj/naeusb/sam3u_hal/sysclk.o
 .debug_info    0x000000000000e883      0x3ef obj/naeusb/sam3u_hal/system_sam3u.o
 .debug_info    0x000000000000ec72      0x817 obj/naeusb/sam3u_hal/uart.o
 .debug_info    0x000000000000f489      0x48e obj/naeusb/sam3u_hal/udi_vendor.o
 .debug_info    0x000000000000f917     0x3aa5 obj/naeusb/sam3u_hal/udphs_device.o
 .debug_info    0x00000000000133bc     0x22ba obj/naeusb/sam3u_hal/usart.o
 .debug_info    0x0000000000015676      0x182 obj/naeusb/sam3u_hal/write.o
 .debug_info    0x00000000000157f8      0x722 obj/naeusb/sam3u_hal/usb_no_cdc/udi_vendor_desc.o
 .debug_info    0x0000000000015f1a      0x100 /usr/lib/gcc/arm-none-eabi/10.3.1/../../../arm-none-eabi/lib/thumb/v7-m/nofp/libg.a(lib_a-atexit.o)
 .debug_info    0x000000000001601a      0x102 /usr/lib/gcc/arm-none-eabi/10.3.1/../../../arm-none-eabi/lib/thumb/v7-m/nofp/libg.a(lib_a-fini.o)
 .debug_info    0x000000000001611c      0x92a /usr/lib/gcc/arm-none-eabi/10.3.1/../../../arm-none-eabi/lib/thumb/v7-m/nofp/libg.a(lib_a-impure.o)
 .debug_info    0x0000000000016a46      0x11a /usr/lib/gcc/arm-none-eabi/10.3.1/../../../arm-none-eabi/lib/thumb/v7-m/nofp/libg.a(lib_a-init.o)
 .debug_info    0x0000000000016b60      0xa2d /usr/lib/gcc/arm-none-eabi/10.3.1/../../../arm-none-eabi/lib/thumb/v7-m/nofp/libg.a(lib_a-iprintf.o)
 .debug_info    0x000000000001758d       0x26 /usr/lib/gcc/arm-none-eabi/10.3.1/../../../arm-none-eabi/lib/thumb/v7-m/nofp/libg.a(lib_a-memcpy.o)
 .debug_info    0x00000000000175b3      0x137 /usr/lib/gcc/arm-none-eabi/10.3.1/../../../arm-none-eabi/lib/thumb/v7-m/nofp/libg.a(lib_a-memset.o)
 .debug_info    0x00000000000176ea      0x970 /usr/lib/gcc/arm-none-eabi/10.3.1/../../../arm-none-eabi/lib/thumb/v7-m/nofp/libg.a(lib_a-setbuf.o)
 .debug_info    0x000000000001805a      0xade /usr/lib/gcc/arm-none-eabi/10.3.1/../../../arm-none-eabi/lib/thumb/v7-m/nofp/libg.a(lib_a-setvbuf.o)
 .debug_info    0x0000000000018b38      0xa8c /usr/lib/gcc/arm-none-eabi/10.3.1/../../../arm-none-eabi/lib/thumb/v7-m/nofp/libg.a(lib_a-sprintf.o)
 .debug_info    0x00000000000195c4       0xbc /usr/lib/gcc/arm-none-eabi/10.3.1/../../../arm-none-eabi/lib/thumb/v7-m/nofp/libg.a(lib_a-strlen-stub.o)
 .debug_info    0x0000000000019680      0x153 /usr/lib/gcc/arm-none-eabi/10.3.1/../../../arm-none-eabi/lib/thumb/v7-m/nofp/libg.a(lib_a-strncpy.o)
 .debug_info    0x00000000000197d3     0x192d /usr/lib/gcc/arm-none-eabi/10.3.1/../../../arm-none-eabi/lib/thumb/v7-m/nofp/libg.a(lib_a-svfprintf.o)
 .debug_info    0x000000000001b100     0x1926 /usr/lib/gcc/arm-none-eabi/10.3.1/../../../arm-none-eabi/lib/thumb/v7-m/nofp/libg.a(lib_a-vfiprintf.o)
 .debug_info    0x000000000001ca26      0x9c2 /usr/lib/gcc/arm-none-eabi/10.3.1/../../../arm-none-eabi/lib/thumb/v7-m/nofp/libg.a(lib_a-wsetup.o)
 .debug_info    0x000000000001d3e8      0x9b0 /usr/lib/gcc/arm-none-eabi/10.3.1/../../../arm-none-eabi/lib/thumb/v7-m/nofp/libg.a(lib_a-__atexit.o)
 .debug_info    0x000000000001dd98      0xa3d /usr/lib/gcc/arm-none-eabi/10.3.1/../../../arm-none-eabi/lib/thumb/v7-m/nofp/libg.a(lib_a-__call_atexit.o)
 .debug_info    0x000000000001e7d5     0x1a50 /usr/lib/gcc/arm-none-eabi/10.3.1/../../../arm-none-eabi/lib/thumb/v7-m/nofp/libg.a(lib_a-dtoa.o)
 .debug_info    0x0000000000020225      0xbe0 /usr/lib/gcc/arm-none-eabi/10.3.1/../../../arm-none-eabi/lib/thumb/v7-m/nofp/libg.a(lib_a-fflush.o)
 .debug_info    0x0000000000020e05      0xf66 /usr/lib/gcc/arm-none-eabi/10.3.1/../../../arm-none-eabi/lib/thumb/v7-m/nofp/libg.a(lib_a-findfp.o)
 .debug_info    0x0000000000021d6b      0xc26 /usr/lib/gcc/arm-none-eabi/10.3.1/../../../arm-none-eabi/lib/thumb/v7-m/nofp/libg.a(lib_a-fputwc.o)
 .debug_info    0x0000000000022991      0xd10 /usr/lib/gcc/arm-none-eabi/10.3.1/../../../arm-none-eabi/lib/thumb/v7-m/nofp/libg.a(lib_a-freer.o)
 .debug_info    0x00000000000236a1      0xcba /usr/lib/gcc/arm-none-eabi/10.3.1/../../../arm-none-eabi/lib/thumb/v7-m/nofp/libg.a(lib_a-fvwrite.o)
 .debug_info    0x000000000002435b      0xa66 /usr/lib/gcc/arm-none-eabi/10.3.1/../../../arm-none-eabi/lib/thumb/v7-m/nofp/libg.a(lib_a-fwalk.o)
 .debug_info    0x0000000000024dc1      0xe0a /usr/lib/gcc/arm-none-eabi/10.3.1/../../../arm-none-eabi/lib/thumb/v7-m/nofp/libg.a(lib_a-locale.o)
 .debug_info    0x0000000000025bcb      0xc3e /usr/lib/gcc/arm-none-eabi/10.3.1/../../../arm-none-eabi/lib/thumb/v7-m/nofp/libg.a(lib_a-localeconv.o)
 .debug_info    0x0000000000026809      0xdf2 /usr/lib/gcc/arm-none-eabi/10.3.1/../../../arm-none-eabi/lib/thumb/v7-m/nofp/libg.a(lib_a-makebuf.o)
 .debug_info    0x00000000000275fb      0x998 /usr/lib/gcc/arm-none-eabi/10.3.1/../../../arm-none-eabi/lib/thumb/v7-m/nofp/libg.a(lib_a-malloc.o)
 .debug_info    0x0000000000027f93      0xe94 /usr/lib/gcc/arm-none-eabi/10.3.1/../../../arm-none-eabi/lib/thumb/v7-m/nofp/libg.a(lib_a-mallocr.o)
 .debug_info    0x0000000000028e27      0xccd /usr/lib/gcc/arm-none-eabi/10.3.1/../../../arm-none-eabi/lib/thumb/v7-m/nofp/libg.a(lib_a-mbtowc_r.o)
 .debug_info    0x0000000000029af4      0x14e /usr/lib/gcc/arm-none-eabi/10.3.1/../../../arm-none-eabi/lib/thumb/v7-m/nofp/libg.a(lib_a-memchr-stub.o)